// Jest Snapshot v1, https://goo.gl/fbAQLP

exports[`ProfileCard renders correctly 1`] = `
<div
  className="sc-d7f2625a-0 clHwzv"
>
  <div
    className="sc-d7f2625a-1"
  />
  <h1
    className="sc-d7f2625a-2"
  >
    Herp Derp
  </h1>
  <h2
    className="sc-d7f2625a-3"
  >
    @herpderp
  </h2>
  <p
    className="sc-d7f2625a-4"
  >
    Integer posuere erat a ante venenatis dapibus posuere velit aliquet.
  </p>
  <button
    className="sc-2a588df4-2 jVJhXF undefined "
    onClick={[Function]}
  >
    <span>
      Share +
    </span>
  </button>
  <ul
    className="sc-d7f2625a-5"
  >
    twitter, discord, iDunno
  </ul>
</div>
`;
