// Jest Snapshot v1, https://goo.gl/fbAQLP

exports[`renders homepage unchanged 1`] = `
<div>
  <header
    class="sc-29e15dc2-0 bwVHwQ"
  >
    <div
      class="sc-29e15dc2-2 hdbzMW"
    >
      <a
        href="/"
      >
        <div
          class="sc-29e15dc2-1 QOYGI"
        >
          Artizen
        </div>
      </a>
      <button
        class="sc-a6b3add2-2 bTccxJ sc-29e15dc2-4 bsMAgK "
      >
        <span>
          Menu
        </span>
      </button>
    </div>
    <div
      class="sc-29e15dc2-2 hdbzMW"
    >
      <div
        class="sc-29e15dc2-3 jfAPib"
      >
        <ul>
          <li>
            <a
              href="/"
            >
              Leaderboard
            </a>
          </li>
          <li>
            <a
              href="/"
            >
              How it Works
            </a>
          </li>
        </ul>
      </div>
      <a
        class="sc-a6b3add2-1 hCOHDc undefined "
      >
        <div
          class="sc-9eb58f28-0 iglxpF sc-a6b3add2-0 fCwpyU"
        />
        <span>
          Donate
        </span>
      </a>
      <div
        class="sc-8545662-0 BrlAB"
      >
        <div
          class="sc-8545662-1 krkozH"
        />
        <div
          class="sc-9eb58f28-0 htauXl sc-8545662-2 hHwBY"
          color="night"
        />
        <div
          class="sc-8545662-3 kkeRaI"
        >
          <div
            class="sc-8545662-4 JjgOs"
          >
            RP
          </div>
        </div>
      </div>
    </div>
  </header>
  <div
    class="sc-7be7c5c4-0 hFGwOL"
  >
    <div
      class="sc-9199b4ac-0 brREMd"
    >
      <div
        class="sc-cf1b6002-0 dLyNyX"
      >
        <h1
          class="sc-cf1b6002-1 hUHuMR"
        >
          Let’s get started by setting up your Artizen account
        </h1>
        <div
          class="sc-cf1b6002-2 dsHacc"
        >
          <div
            class="sc-8c7bf1ae-2 huxvCL"
          >
            <div
              class="sc-8c7bf1ae-0 bhoRgU"
              color="night"
            >
              <div
                class="sc-9eb58f28-0 kSymdK"
                color="night"
              />
            </div>
          </div>
          <p
            class="sc-cf1b6002-3 bDtHVf"
          >
            Already have an account?
            <br />
            You can still use this form, it’s magic!
          </p>
        </div>
        <div
          class="vertical-layout"
        >
          <div
            class="vertical-layout-item"
          >
            <div
              class="sc-2f9d5146-0 jjUILZ"
              id="#/properties/email"
            >
              <div
                class="sc-233fee17-0 kLNnFl"
              >
                <input
                  placeholder="e.g. rene@artizen.fund"
                  required=""
                  type="text"
                  value=""
                />
                <label
                  class="sc-ffdb2e6c-0 eexGRl"
                >
                  Email Address
                   *
                </label>
              </div>
              <div
                class="sc-93ba83c0-0 bAVzHI"
              >
                is a required property
              </div>
            </div>
          </div>
        </div>
        <button
          class="sc-a6b3add2-2 hsAXIm undefined  disabled"
          disabled=""
        >
          <span>
            Sign In / Sign Up
          </span>
        </button>
        <div
          class="sc-cf1b6002-4 gsXijY"
        />
        <div
          class="sc-cf1b6002-5 fAZZfH"
        >
          <button
            class="sc-a6b3add2-2 jEHJsK undefined "
          >
            <span>
              Telegram
            </span>
          </button>
          <button
            class="sc-a6b3add2-2 jEHJsK undefined "
          >
            <span>
              Twitter
            </span>
          </button>
          <button
            class="sc-a6b3add2-2 jEHJsK undefined "
          >
            <span>
              Discord
            </span>
          </button>
        </div>
        <div
          class="sc-cf1b6002-6 kBnJzi"
        >
          <label
            class="sc-dd35d48e-4 bqDNzr"
          >
            <div
              class="sc-dd35d48e-0 lmHjtw"
            >
              <input
                checked=""
                class="sc-dd35d48e-1 clTMzK"
                type="checkbox"
              />
              <span
                class="sc-dd35d48e-2 dtceeR"
              />
            </div>
            <span
              class="sc-dd35d48e-3 eAaGSv"
            />
          </label>
          <p
            class="sc-cf1b6002-7 edFTkn"
          >
            I agree to Artizen’s
            <a
              href="/toc"
            >
               Terms & Conditions
            </a>
          </p>
        </div>
      </div>
    </div>
  </div>
  <div
    class="sc-7be7c5c4-1 gwFawm"
  />
</div>
`;
