// Jest Snapshot v1, https://goo.gl/fbAQLP

exports[`renders homepage unchanged 1`] = `
<div>
  <header
    class="sc-5a359472-0 btKugG"
  >
    <div
      class="sc-5a359472-2 snHCD"
    >
      <a
        href="/"
      >
        <div
          class="sc-5a359472-1 cNqzAp"
        >
          Artizen
        </div>
      </a>
      <button
        class="sc-b4940b6a-2 gyaHl sc-5a359472-4 qNzwr "
      >
        <span>
          Menu
        </span>
      </button>
    </div>
    <div
      class="sc-5a359472-2 snHCD"
    >
      <div
        class="sc-5a359472-3 kZmyQm"
      >
        <ul>
          <li>
            <a
              href="/"
            >
              Leaderboard
            </a>
          </li>
          <li>
            <a
              href="/"
            >
              How it Works
            </a>
          </li>
        </ul>
      </div>
      <a
        class="sc-b4940b6a-1 doArMP undefined "
      >
        <span>
          Donate
        </span>
      </a>
      <div
        class="sc-47dc7821-0 bERdPH"
      >
        <div
          class="sc-47dc7821-1 gRBtCJ"
        />
        <div
          class="sc-cf411747-2 cnUxdA"
        >
          <div
            class="sc-cf411747-0 hPyuHh"
            color="white"
          >
            <div
              class="sc-9eb58f28-0 gvNxsL"
              color="white"
            />
          </div>
        </div>
        <div
          class="sc-47dc7821-3 ksJggS"
        >
          <div
            class="sc-47dc7821-4 kGTxhi"
          >
            RP
          </div>
        </div>
      </div>
    </div>
  </header>
</div>
`;
