// Jest Snapshot v1, https://goo.gl/fbAQLP

exports[`renders homepage unchanged 1`] = `
<div>
  <header
    class="sc-8ef0492a-0 kiRjAF"
  >
    <div
      class="sc-8ef0492a-2 gsMAck"
    >
      <a
        href="/"
      >
        <div
          class="sc-8ef0492a-1 jKmsbu"
        >
          Artizen
        </div>
      </a>
      <button
        class="sc-b4940b6a-2 gyaHl sc-8ef0492a-4 ggjchk "
      >
        <span>
          Menu
        </span>
      </button>
    </div>
    <div
      class="sc-8ef0492a-2 gsMAck"
    >
      <div
        class="sc-8ef0492a-3 iLOAzN"
      >
        <ul>
          <li>
            <a
              href="/"
            >
              Leaderboard
            </a>
          </li>
          <li>
            <a
              href="/"
            >
              How it Works
            </a>
          </li>
        </ul>
      </div>
      <a
        class="sc-b4940b6a-1 eEXIDI undefined "
      >
        <div
          class="sc-9eb58f28-0 iglxpF sc-b4940b6a-0 cuZhbr"
        />
        <span>
          Donate
        </span>
      </a>
      <div
        class="sc-c9ad08a7-0 bmdPNW"
      >
        <div
          class="sc-c9ad08a7-1 exDNIY"
        />
        <div
          class="sc-9eb58f28-0 htauXl sc-c9ad08a7-2 clzIyX"
          color="night"
        />
        <div
          class="sc-c9ad08a7-3 zyGfP"
        >
          <div
            class="sc-c9ad08a7-4 fdnGin"
          >
            RP
          </div>
        </div>
      </div>
    </div>
  </header>
</div>
`;
