// Jest Snapshot v1, https://goo.gl/fbAQLP

exports[`Countdown renders Countdown unchanged 1`] = `
<div>
  <div
    class="sc-39826d64-0 ibsXOM"
  >
    <div
      class="sc-cf411747-2 cnUxdA"
    >
      <div
        class="sc-cf411747-0 hPyuHh"
        color="white"
      >
        <div
          class="sc-9eb58f28-0 gvNxsL"
          color="white"
        />
      </div>
    </div>
    <span>
      26
      :
      12
      :
      03
      :
      23
    </span>
  </div>
</div>
`;
