// Jest Snapshot v1, https://goo.gl/fbAQLP

exports[`renders AccountButton unchanged 1`] = `
<div>
  <div
    class="sc-47dc7821-0 cdqNSn"
  >
    <div
      class="sc-47dc7821-1 gRBtCJ"
    />
    <div
      class="sc-8737affa-0 lhpOEt sc-47dc7821-2 fCKxSq"
      color="night"
    >
      hamburger
    </div>
    <div
      class="sc-47dc7821-3 dSWlbO"
    >
      <div
        class="sc-47dc7821-4 dJYYIK"
      >
        RP
      </div>
    </div>
  </div>
</div>
`;
