// Jest Snapshot v1, https://goo.gl/fbAQLP

exports[`SessionShelf renders correctly 1`] = `
<div>
  <div
    class="sc-e98d3470-4 ccfmNP"
  >
    <div
      class="sc-e98d3470-5 UEdlz"
    >
      <h1
        class="sc-e98d3470-6 cmIgXc"
      >
        Let’s get started by setting up your Artizen account
      </h1>
      <div
        class="sc-e98d3470-7 iRDciN"
      >
        <div
          class="sc-c089a03b-2 ckelpU"
        >
          <div
            class="sc-c089a03b-0 iiIkrS"
            color="night"
          >
            <div
              class="sc-149d3190-0 eIDYrK"
              color="night"
            />
          </div>
        </div>
        <p
          class="sc-e98d3470-8 jXQbMW"
        >
          Already have an account?
          <br />
          You can still use this form, it’s magic!
        </p>
      </div>
    </div>
    <div
      class="vertical-layout"
    >
      <div
        class="vertical-layout-item"
      >
        <div
          class="sc-2f9d5146-0 jjUILZ"
          id="#/properties/email"
        >
          <div
            class="sc-dccedff6-0 jjRMSF"
          >
            <input
              placeholder="e.g. rene@artizen.fund"
              required=""
              type="text"
              value=""
            />
            <label
              class="sc-ffdb2e6c-0 cqczZc"
            >
              Email Address
               *
            </label>
          </div>
          <div
            class="sc-93ba83c0-0 BZJQU"
          >
            is a required property
          </div>
        </div>
      </div>
    </div>
    <button
      class="sc-2a588df4-2 bANZSb sc-e98d3470-0 cgGWFL  disabled"
      disabled=""
    >
      <span>
        Sign In / Sign Up
      </span>
    </button>
    <div
      class="sc-e98d3470-1 feCDDK"
    >
      <div
        class="sc-e98d3470-9 eFOEhA"
      />
      <div
        class="sc-e98d3470-10 kSQUcl"
      >
        <button
          class="sc-2a588df4-2 ekFgDk undefined "
        >
          <span>
            Phone
          </span>
        </button>
        <button
          class="sc-2a588df4-2 ekFgDk undefined "
        >
          <span>
            Twitter
          </span>
        </button>
        <button
          class="sc-2a588df4-2 ekFgDk undefined "
        >
          <span>
            Discord
          </span>
        </button>
      </div>
    </div>
    <div
      class="sc-e98d3470-11 hEWjgo"
    >
      <div
        class="sc-e98d3470-12 gnYoTi"
      >
        <label
          class="sc-dd35d48e-4 dCKwdz"
        >
          <div
            class="sc-dd35d48e-0 bkkyVw"
          >
            <input
              checked=""
              class="sc-dd35d48e-1 clTMzK"
              type="checkbox"
            />
            <span
              class="sc-dd35d48e-2 dtceeR"
            />
          </div>
          <span
            class="sc-dd35d48e-3 eAaGSv"
          />
        </label>
        <p
          class="sc-e98d3470-13 hQIAWR"
        >
          I agree to Artizen’s
          <a
            href="/toc"
          >
             Terms & Conditions
          </a>
        </p>
      </div>
    </div>
  </div>
</div>
`;
