// Jest Snapshot v1, https://goo.gl/fbAQLP

exports[`SessionShelf renders correctly 1`] = `
<div
  className="sc-4a4f802d-3 fuQvvd"
>
  <div
    className="sc-4a4f802d-4 fhjysv"
  >
    <h1
      className="sc-4a4f802d-5 jbsSsK"
    >
      Let’s get started by setting up your Artizen account
    </h1>
    <div
      className="sc-4a4f802d-6 ehlijM"
    >
      <div
        className="sc-8c7bf1ae-2 huxvCL"
      >
        <div
          className="sc-8c7bf1ae-0 bhoRgU"
          color="night"
        >
          <div
            className="sc-1d011157-0 ejjWfH"
            color="night"
          />
        </div>
      </div>
      <p
        className="sc-4a4f802d-7 hAzDhs"
      >
        Already have an account?
        <br />
        You can still use this form, it’s magic!
      </p>
    </div>
  </div>
  <div
    className="vertical-layout"
    hidden={false}
  >
    <div
      className="vertical-layout-item"
    >
      <div
        className="sc-2f9d5146-0 jjUILZ"
        id="#/properties/email"
      >
        <div
          className="sc-dccedff6-0 dxDPQx"
        >
          <input
            onBlur={[Function]}
            onChange={[Function]}
            placeholder="e.g. rene@artizen.fund"
            required={true}
            type="text"
          />
          <label
            className="sc-ffdb2e6c-0 dXVxRc"
          >
            Email Address
             *
          </label>
        </div>
        <div
          className="sc-93ba83c0-0 bAVzHI"
        />
      </div>
    </div>
  </div>
  <button
    className="sc-a6b3add2-2 ebsYdi sc-4a4f802d-0 iErgSy  disabled"
    disabled={true}
    onClick={[Function]}
  >
    <span>
      Sign In / Sign Up
    </span>
  </button>
  <div
    className="sc-4a4f802d-2 hPhXmc"
  >
    <div>
      Congrats, confirmation sent!
    </div>
    <p>
      We emailed a magic link to 
      .
    </p>
  </div>
  <div
    className="sc-4a4f802d-1 iqsVwz"
  >
    <div
      className="sc-4a4f802d-8 hyNfNI"
    />
    <div
      className="sc-4a4f802d-9 iCNaSc"
    >
      <button
        className="sc-a6b3add2-2 erODIt undefined "
        onClick={[Function]}
      >
        <span>
          Phone
        </span>
      </button>
      <button
        className="sc-a6b3add2-2 erODIt undefined "
        onClick={[Function]}
      >
        <span>
          Twitter
        </span>
      </button>
      <button
        className="sc-a6b3add2-2 erODIt undefined "
        onClick={[Function]}
      >
        <span>
          Discord
        </span>
      </button>
    </div>
  </div>
  <div
    className="sc-4a4f802d-10 kwsLrN"
  >
    <div
      className="sc-4a4f802d-11 fRBTKZ"
    >
      <label
        className="sc-dd35d48e-4 dCKwdz"
      >
        <div
          className="sc-dd35d48e-0 lmHjtw"
        >
          <input
            checked={true}
            className="sc-dd35d48e-1 clTMzK"
            disabled={false}
            onChange={[Function]}
            required={false}
            type="checkbox"
          />
          <span
            className="sc-dd35d48e-2 dtceeR"
          />
        </div>
        <span
          className="sc-dd35d48e-3 eAaGSv"
        />
      </label>
      <p
        className="sc-4a4f802d-12 camNOd"
      >
        I agree to Artizen’s
        <a
          href="/toc"
          onClick={[Function]}
          onMouseEnter={[Function]}
        >
           Terms & Conditions
        </a>
      </p>
    </div>
  </div>
</div>
`;
