// Jest Snapshot v1, https://goo.gl/fbAQLP

exports[`LoginShelf renders correctly 1`] = `
<div>
  <div
    class="sc-9c2c0fc5-4 iCiVJK"
  >
    <div
      class="sc-9c2c0fc5-5 fLeqkg"
    >
      <h1
        class="sc-9c2c0fc5-6 hOScBH"
      >
        Let’s get started by setting up your Artizen account
      </h1>
      <div
        class="sc-9c2c0fc5-7 jXnRuP"
      >
        <div
          class="sc-c089a03b-2 VsSZo"
        >
          <div
            class="sc-c089a03b-0 ja-DffS"
            color="night"
          >
            <div
              class="sc-149d3190-0 iAXlWi"
              color="night"
            />
          </div>
        </div>
        <p
          class="sc-9c2c0fc5-8 hFjcqt"
        >
          Already have an account?
          <br />
          You can still use this form, it’s magic!
        </p>
      </div>
    </div>
    <div
      class="vertical-layout"
    >
      <div
        class="vertical-layout-item"
      >
        <div
          class="sc-2f9d5146-0 jjUILZ"
          id="#/properties/email"
        >
          <div
            class="sc-dccedff6-0 dxDPQx"
          >
            <input
              placeholder="e.g. rene@artizen.fund"
              required=""
              type="text"
              value=""
            />
            <label
              class="sc-ffdb2e6c-0 dXVxRc"
            >
              Email Address
               *
            </label>
          </div>
          <div
            class="sc-93ba83c0-0 bAVzHI"
          >
            is a required property
          </div>
        </div>
      </div>
    </div>
    <button
      class="sc-2a588df4-2 ixnoRf sc-9c2c0fc5-0 hVAiAY  disabled"
      disabled=""
    >
      <span>
        Sign In / Sign Up
      </span>
    </button>
    <div
      class="sc-9c2c0fc5-1 ccMnwl"
    >
      <div
        class="sc-9c2c0fc5-9 cXUljj"
      />
      <div
        class="sc-9c2c0fc5-10 hrMKlC"
      >
        <button
          class="sc-2a588df4-2 kYegxc undefined "
        >
          <span>
            Phone
          </span>
        </button>
        <button
          class="sc-2a588df4-2 kYegxc undefined "
        >
          <span>
            Twitter
          </span>
        </button>
        <button
          class="sc-2a588df4-2 kYegxc undefined "
        >
          <span>
            Discord
          </span>
        </button>
      </div>
    </div>
    <div
      class="sc-9c2c0fc5-11 pMnPu"
    >
      <div
        class="sc-9c2c0fc5-12 bGBpas"
      >
        <label
          class="sc-dd35d48e-4 dCKwdz"
        >
          <div
            class="sc-dd35d48e-0 lmHjtw"
          >
            <input
              checked=""
              class="sc-dd35d48e-1 clTMzK"
              type="checkbox"
            />
            <span
              class="sc-dd35d48e-2 dtceeR"
            />
          </div>
          <span
            class="sc-dd35d48e-3 eAaGSv"
          />
        </label>
        <p
          class="sc-9c2c0fc5-13 dmkgqG"
        >
          I agree to Artizen’s
          <a
            href="/toc"
          >
             Terms & Conditions
          </a>
        </p>
      </div>
    </div>
  </div>
</div>
`;
