// Jest Snapshot v1, https://goo.gl/fbAQLP

exports[`ProcessingSocialLoginShelf renders correctly 1`] = `
<div
  className="sc-98d6230a-0 dSCXpR"
>
  <div
    className="sc-98d6230a-1 jnjmjn"
  >
    <h1
      className="sc-98d6230a-2 kUoAbc"
    >
      Finishing social login
    </h1>
    <div
      className="sc-98d6230a-3 ketnKc"
    >
      <div
        className="sc-b51f94be-2 ioudJW"
      >
        <div
          className="sc-b51f94be-0 cfTHcJ"
          color="night"
        >
          <div
            className="sc-3ba9b100-0 eOAxiH"
            color="night"
          />
        </div>
      </div>
      <p
        className="sc-98d6230a-4 exparC"
      >
        This will only take a moment…
      </p>
    </div>
  </div>
  <div
    className="sc-a4dcdd4-0 fWeIMA sc-98d6230a-5 kzMenh"
  >
    <div
      className="sc-a4dcdd4-1 xZsTa"
    />
  </div>
</div>
`;
