// Jest Snapshot v1, https://goo.gl/fbAQLP

exports[`Perks renders Perks unchanged 1`] = `
<div>
  <div
    class="sc-bdd02fd6-0 fJPhsS"
  >
    <div
      class="sc-c6d4a71-0 iFQvvL"
    >
      <div
        class="sc-c6d4a71-1 hmYVNc"
      >
        Additional Perks
      </div>
      <a
        class="sc-a6b3add2-1 jdXTho undefined "
      >
        <span>
          Learn More
        </span>
      </a>
    </div>
    <div
      class="sc-9ed997bc-0 gnOwtT"
    >
      <div>
        <div
          class="sc-b48a7ce9-0 hZzOYd"
        >
          <div
            class="sc-9eb58f28-0 fZooDs"
          />
        </div>
        Membership in Artizen DAO
      </div>
    </div>
    <div
      class="sc-9ed997bc-0 gnOwtT"
    >
      <div>
        <div
          class="sc-b48a7ce9-0 hZzOYd"
        >
          <div
            class="sc-9eb58f28-0 guGTIq"
          />
        </div>
        0.01% of $ART tokens
      </div>
    </div>
    <div
      class="sc-9ed997bc-0 gnOwtT"
    >
      <div>
        <div
          class="sc-b48a7ce9-0 hZzOYd"
        >
          <div
            class="sc-9eb58f28-0 kJcPPI"
          />
        </div>
        Collectable Receipt
      </div>
    </div>
    <div
      class="sc-9ed997bc-0 gnOwtT"
    >
      <div>
        <div
          class="sc-b48a7ce9-0 hZzOYd"
        >
          <div
            class="sc-9eb58f28-0 hKCRJg"
          />
        </div>
        Custom Discord Avatar
      </div>
    </div>
  </div>
</div>
`;
