// Jest Snapshot v1, https://goo.gl/fbAQLP

exports[`TabbedInfo renders ProgressBar unchanged 1`] = `
<div>
  <div
    class="sc-2c6f37dd-0 desDpg"
  >
    <ul
      class="sc-2c6f37dd-1 jDFHcC"
    >
      <div
        class="sc-2c6f37dd-2 isvbbe"
      >
        About
      </div>
      <div
        class="sc-2c6f37dd-2 kYBSUR"
      >
        About
      </div>
    </ul>
    <div
      class="sc-9bd5b807-0"
      label="About"
    />
  </div>
</div>
`;
