// Jest Snapshot v1, https://goo.gl/fbAQLP

exports[`TabbedInfo renders ProgressBar unchanged 1`] = `
<div>
  <div
    class="sc-860c60dd-0 fiYvIK"
  >
    <ul
      class="sc-860c60dd-1 higEws"
    >
      <div
        class="sc-860c60dd-2 iWvZlk"
      >
        About
      </div>
      <div
        class="sc-860c60dd-2 gDFdcL"
      >
        About
      </div>
    </ul>
    <div
      class="sc-9bd5b807-0"
      label="About"
    />
  </div>
</div>
`;
