// Jest Snapshot v1, https://goo.gl/fbAQLP

exports[`Metrics renders Metrics unchanged 1`] = `
<div>
  <div
    class="sc-9199b4ac-0 brREMd"
  >
    <section
      class="sc-cc62a421-0 iZomYC"
    >
      <div
        class="sc-cc62a421-1 moQfE"
      >
        <div
          class="sc-cc62a421-2 feBCjm"
        />
        <div
          class="sc-cc62a421-3 jSZvqM"
        >
          <span>
            $
          </span>
          99,999
        </div>
        <div
          class="sc-cc62a421-4 ejksCj"
        >
          Description
        </div>
      </div>
      <div
        class="sc-cc62a421-1 moQfE"
      >
        <div
          class="sc-cc62a421-2 feBCjm"
        />
        <div
          class="sc-cc62a421-3 jSZvqM"
        >
          <span>
            $
          </span>
          99,999
        </div>
        <div
          class="sc-cc62a421-4 ejksCj"
        >
          Description
        </div>
      </div>
      <div
        class="sc-cc62a421-1 moQfE"
      >
        <div
          class="sc-cc62a421-2 feBCjm"
        />
        <div
          class="sc-cc62a421-3 jSZvqM"
        >
          <span>
            $
          </span>
          99,999
        </div>
        <div
          class="sc-cc62a421-4 ejksCj"
        >
          Description
        </div>
      </div>
      <div
        class="sc-cc62a421-1 moQfE"
      >
        <div
          class="sc-cc62a421-2 feBCjm"
        />
        <div
          class="sc-cc62a421-3 jSZvqM"
        >
          <span>
            $
          </span>
          99,999
        </div>
        <div
          class="sc-cc62a421-4 ejksCj"
        >
          Description
        </div>
      </div>
    </section>
  </div>
</div>
`;
