// Jest Snapshot v1, https://goo.gl/fbAQLP

exports[`Metrics renders Metrics unchanged 1`] = `
<div>
  <div
    class="sc-9199b4ac-0 brREMd"
  >
    <section
      class="sc-c635ba32-0 dLVKiU"
    >
      <div
        class="sc-c635ba32-1 eVUTvn"
      >
        <div
          class="sc-c635ba32-2 cXdXmd"
        />
        <div
          class="sc-c635ba32-3 bfNsRz"
        >
          <span>
            $
          </span>
          99,999
        </div>
        <div
          class="sc-c635ba32-4 bQNllG"
        >
          Description
        </div>
      </div>
      <div
        class="sc-c635ba32-1 eVUTvn"
      >
        <div
          class="sc-c635ba32-2 cXdXmd"
        />
        <div
          class="sc-c635ba32-3 bfNsRz"
        >
          <span>
            $
          </span>
          99,999
        </div>
        <div
          class="sc-c635ba32-4 bQNllG"
        >
          Description
        </div>
      </div>
      <div
        class="sc-c635ba32-1 eVUTvn"
      >
        <div
          class="sc-c635ba32-2 cXdXmd"
        />
        <div
          class="sc-c635ba32-3 bfNsRz"
        >
          <span>
            $
          </span>
          99,999
        </div>
        <div
          class="sc-c635ba32-4 bQNllG"
        >
          Description
        </div>
      </div>
      <div
        class="sc-c635ba32-1 eVUTvn"
      >
        <div
          class="sc-c635ba32-2 cXdXmd"
        />
        <div
          class="sc-c635ba32-3 bfNsRz"
        >
          <span>
            $
          </span>
          99,999
        </div>
        <div
          class="sc-c635ba32-4 bQNllG"
        >
          Description
        </div>
      </div>
    </section>
  </div>
</div>
`;
