// Jest Snapshot v1, https://goo.gl/fbAQLP

exports[`Metrics renders Metrics unchanged 1`] = `
<div>
  <div
    class="sc-9199b4ac-0 brREMd"
  >
    <section
      class="sc-b1f8280d-0 cjVeDi"
    >
      <div
        class="sc-b1f8280d-1 gerqCt"
      >
        <div
          class="sc-b1f8280d-2 jqabwz"
        />
        <div
          class="sc-b1f8280d-3 hohUoF"
        >
          <span>
            $
          </span>
          99,999
        </div>
        <div
          class="sc-b1f8280d-4 gKKOAM"
        >
          Description
        </div>
      </div>
      <div
        class="sc-b1f8280d-1 gerqCt"
      >
        <div
          class="sc-b1f8280d-2 jqabwz"
        />
        <div
          class="sc-b1f8280d-3 hohUoF"
        >
          <span>
            $
          </span>
          99,999
        </div>
        <div
          class="sc-b1f8280d-4 gKKOAM"
        >
          Description
        </div>
      </div>
      <div
        class="sc-b1f8280d-1 gerqCt"
      >
        <div
          class="sc-b1f8280d-2 jqabwz"
        />
        <div
          class="sc-b1f8280d-3 hohUoF"
        >
          <span>
            $
          </span>
          99,999
        </div>
        <div
          class="sc-b1f8280d-4 gKKOAM"
        >
          Description
        </div>
      </div>
      <div
        class="sc-b1f8280d-1 gerqCt"
      >
        <div
          class="sc-b1f8280d-2 jqabwz"
        />
        <div
          class="sc-b1f8280d-3 hohUoF"
        >
          <span>
            $
          </span>
          99,999
        </div>
        <div
          class="sc-b1f8280d-4 gKKOAM"
        >
          Description
        </div>
      </div>
    </section>
  </div>
</div>
`;
