// Jest Snapshot v1, https://goo.gl/fbAQLP

exports[`AccountStats renders correctly 1`] = `
<ul
  className="sc-cf63bf03-0 jnGrA-D"
>
  <li
    className="sc-cf63bf03-1 doApLo"
  >
    <div
      className="sc-60e75bb7-2 cdqnon"
    >
      <div
        className="sc-60e75bb7-0 kBbFeK"
        color="night"
      >
        <div
          className="sc-149d3190-0 ewzPBY"
          color="night"
        />
      </div>
    </div>
    <div
      className="sc-cf63bf03-2 kOxwXQ"
    >
      $800
    </div>
    <div
      className="sc-cf63bf03-3 kdPNii"
    >
      donated
    </div>
  </li>
  <li
    className="sc-cf63bf03-1 doApLo"
  >
    <div
      className="sc-60e75bb7-2 cdqnon"
    >
      <div
        className="sc-60e75bb7-0 kBbFeK"
        color="night"
      >
        <div
          className="sc-149d3190-0 cyhlIT"
          color="night"
        />
      </div>
    </div>
    <div
      className="sc-cf63bf03-2 kOxwXQ"
    >
      42
    </div>
    <div
      className="sc-cf63bf03-3 kdPNii"
    >
      collected
    </div>
  </li>
  <li
    className="sc-cf63bf03-1 doApLo"
  >
    <div
      className="sc-60e75bb7-2 cdqnon"
    >
      <div
        className="sc-60e75bb7-0 kBbFeK"
        color="night"
      >
        <div
          className="sc-149d3190-0 cyhlIT"
          color="night"
        />
      </div>
    </div>
    <div
      className="sc-cf63bf03-2 kOxwXQ"
    >
      $0
    </div>
    <div
      className="sc-cf63bf03-3 kdPNii"
    >
      collected
    </div>
  </li>
  <li
    className="sc-cf63bf03-1 doApLo"
  >
    <div
      className="sc-60e75bb7-2 cdqnon"
    >
      <div
        className="sc-60e75bb7-0 kBbFeK"
        color="night"
      >
        <div
          className="sc-149d3190-0 cyhlIT"
          color="night"
        />
      </div>
    </div>
    <div
      className="sc-cf63bf03-2 kOxwXQ"
    >
      100
    </div>
    <div
      className="sc-cf63bf03-3 kdPNii"
    >
      $ART
    </div>
  </li>
</ul>
`;
