// Jest Snapshot v1, https://goo.gl/fbAQLP

exports[`AccountStats renders correctly 1`] = `
<ul
  className="sc-f189de67-0 jllnYV"
>
  <li
    className="sc-f189de67-1 hTVRUi"
  >
    <div
      className="sc-b51f94be-2 kveGyO"
    >
      <div
        className="sc-b51f94be-0 kWzPGK"
        color="night"
      >
        <div
          className="sc-3ba9b100-0 VPBGN"
          color="night"
        />
      </div>
    </div>
    <div
      className="sc-f189de67-2 kwrJwE"
    >
      $800
    </div>
    <div
      className="sc-f189de67-3 iMidwG"
    >
      donated
    </div>
  </li>
  <li
    className="sc-f189de67-1 hTVRUi"
  >
    <div
      className="sc-b51f94be-2 kveGyO"
    >
      <div
        className="sc-b51f94be-0 kWzPGK"
        color="night"
      >
        <div
          className="sc-3ba9b100-0 iYqVjO"
          color="night"
        />
      </div>
    </div>
    <div
      className="sc-f189de67-2 kwrJwE"
    >
      42
    </div>
    <div
      className="sc-f189de67-3 iMidwG"
    >
      collected
    </div>
  </li>
  <li
    className="sc-f189de67-1 hTVRUi"
  >
    <div
      className="sc-b51f94be-2 kveGyO"
    >
      <div
        className="sc-b51f94be-0 kWzPGK"
        color="night"
      >
        <div
          className="sc-3ba9b100-0 iYqVjO"
          color="night"
        />
      </div>
    </div>
    <div
      className="sc-f189de67-2 kwrJwE"
    >
      $0
    </div>
    <div
      className="sc-f189de67-3 iMidwG"
    >
      collected
    </div>
  </li>
  <li
    className="sc-f189de67-1 hTVRUi"
  >
    <div
      className="sc-b51f94be-2 kveGyO"
    >
      <div
        className="sc-b51f94be-0 kWzPGK"
        color="night"
      >
        <div
          className="sc-3ba9b100-0 iYqVjO"
          color="night"
        />
      </div>
    </div>
    <div
      className="sc-f189de67-2 kwrJwE"
    >
      100
    </div>
    <div
      className="sc-f189de67-3 iMidwG"
    >
      $ART
    </div>
  </li>
</ul>
`;
