// Jest Snapshot v1, https://goo.gl/fbAQLP

exports[`AccountStats renders correctly 1`] = `
<ul
  className="sc-cf63bf03-0 jnGrA-D"
>
  <li
    className="sc-cf63bf03-1 doApLo"
  >
    <div
      className="sc-8c7bf1ae-2 jOAuUM"
    >
      <div
        className="sc-8c7bf1ae-0 kBszjY"
        color="night"
      >
        <div
          className="sc-1d011157-0 ggBQiE"
          color="night"
        />
      </div>
    </div>
    <div
      className="sc-cf63bf03-2 dRsowg"
    >
      $800
    </div>
    <div
      className="sc-cf63bf03-3 YunQa"
    >
      donated
    </div>
  </li>
  <li
    className="sc-cf63bf03-1 doApLo"
  >
    <div
      className="sc-8c7bf1ae-2 jOAuUM"
    >
      <div
        className="sc-8c7bf1ae-0 kBszjY"
        color="night"
      >
        <div
          className="sc-1d011157-0 hGpMlj"
          color="night"
        />
      </div>
    </div>
    <div
      className="sc-cf63bf03-2 dRsowg"
    >
      42
    </div>
    <div
      className="sc-cf63bf03-3 YunQa"
    >
      collected
    </div>
  </li>
  <li
    className="sc-cf63bf03-1 doApLo"
  >
    <div
      className="sc-8c7bf1ae-2 jOAuUM"
    >
      <div
        className="sc-8c7bf1ae-0 kBszjY"
        color="night"
      >
        <div
          className="sc-1d011157-0 hGpMlj"
          color="night"
        />
      </div>
    </div>
    <div
      className="sc-cf63bf03-2 dRsowg"
    >
      $0
    </div>
    <div
      className="sc-cf63bf03-3 YunQa"
    >
      collected
    </div>
  </li>
  <li
    className="sc-cf63bf03-1 doApLo"
  >
    <div
      className="sc-8c7bf1ae-2 jOAuUM"
    >
      <div
        className="sc-8c7bf1ae-0 kBszjY"
        color="night"
      >
        <div
          className="sc-1d011157-0 hGpMlj"
          color="night"
        />
      </div>
    </div>
    <div
      className="sc-cf63bf03-2 dRsowg"
    >
      100
    </div>
    <div
      className="sc-cf63bf03-3 YunQa"
    >
      $ART
    </div>
  </li>
</ul>
`;
