// Jest Snapshot v1, https://goo.gl/fbAQLP

exports[`AlternatingPanel renders correctly 1`] = `
<div
  className="sc-b080ae0a-0 eDQMOt"
>
  <div
    className="sc-b080ae0a-1 bMldiG"
  />
  <div
    className="sc-b080ae0a-2 jPZrwV"
  >
    <h2
      className="sc-b080ae0a-3 kvKxCN"
    />
    <p
      className="sc-b080ae0a-4 IZZMw"
    />
    <h3
      className="sc-b080ae0a-5 djJbsc"
    />
    <a
      className="sc-2a588df4-1 iQLwQR undefined "
      onClick={[Function]}
      onMouseEnter={[Function]}
      onTouchStart={[Function]}
    >
      <span />
    </a>
  </div>
</div>
`;
