// Jest Snapshot v1, https://goo.gl/fbAQLP

exports[`StringControl renders StringControl unchanged 1`] = `
<div>
  <div
    class="sc-e191228e-0 bwBNFU"
  >
    <div
      class="sc-9db10430-0 gtsrND"
    >
      <input
        class="hasData"
        type="text"
        value="derp"
      />
      <label
        class="sc-62ae6059-0 bjlEKt"
      >
        String test
      </label>
    </div>
    <div
      class="sc-955ed11e-0 eSGmlb"
    />
  </div>
</div>
`;
