// Jest Snapshot v1, https://goo.gl/fbAQLP

exports[`StringControl renders StringControl unchanged 1`] = `
<div>
  <div
    class="sc-95fbcf7b-0 eTbwSC"
  >
    <div
      class="sc-e8f3f789-0 jYEzXi"
    >
      <input
        class="hasData"
        type="text"
        value="derp"
      />
      <label
        class="sc-811bf69e-0 ATCA"
      >
        String test
      </label>
    </div>
    <div
      class="sc-917c067-0 cilYzr"
    />
  </div>
</div>
`;
