// Jest Snapshot v1, https://goo.gl/fbAQLP

exports[`StringControl renders StringControl unchanged 1`] = `
<div>
  <div
    class="sc-c6124a9-0 bRBtnA"
  >
    <div
      class="sc-937ad71b-0 clgDIq"
    >
      <input
        class="hasData"
        type="text"
        value="derp"
      />
      <label
        class="sc-a1f30d50-0 kIdkKO"
      >
        String test
      </label>
    </div>
    <div
      class="sc-4b5633d7-0 ctiEJY"
    />
  </div>
</div>
`;
