// Jest Snapshot v1, https://goo.gl/fbAQLP

exports[`AccountShelf renders correctly 1`] = `
<div
  className="sc-efc54056-0 ktKNCw"
>
  <div
    className="sc-efc54056-1 jQSNgm"
  >
    <div
      className="sc-efc54056-2 kEZBcY"
    >
      <h1
        className="sc-efc54056-3 hnTGbH"
      >
        Welcome
      </h1>
      <h2
        className="sc-efc54056-4 hYmPeV"
      >
        Thanks for supporting the future of public goods.
      </h2>
      <div
        className="sc-efc54056-5 hMDImx"
      >
        <button
          className="sc-2a588df4-2 ekFgDk undefined "
          onClick={[Function]}
        >
          <div
            className="sc-149d3190-0 eYdBBE sc-2a588df4-0 gSwEcZ"
          />
          <span>
            Profile
          </span>
        </button>
        <button
          className="sc-2a588df4-2 ekFgDk undefined "
          onClick={[Function]}
        >
          <div
            className="sc-149d3190-0 cxrNwe sc-2a588df4-0 gSwEcZ"
          />
          <span>
            Wallet
          </span>
        </button>
        <button
          className="sc-2a588df4-2 ekFgDk undefined "
          onClick={[Function]}
        >
          <div
            className="sc-149d3190-0 ilVxZU sc-2a588df4-0 gSwEcZ"
          />
          <span>
            Settings
          </span>
        </button>
        <button
          className="sc-2a588df4-2 ekFgDk undefined "
          onClick={[Function]}
        >
          <div
            className="sc-149d3190-0 hUUjKm sc-2a588df4-0 gSwEcZ"
          />
          <span>
            Notifications
          </span>
        </button>
      </div>
    </div>
    <div>
      <hr
        className="sc-efc54056-7 cqmYqe"
      />
      <button
        className="sc-2a588df4-2 iXbYvg undefined "
        onClick={[Function]}
      >
        <div
          className="sc-149d3190-0 eCrUHa sc-2a588df4-0 gSwEcZ"
        />
        <span>
          Sign Out
        </span>
      </button>
    </div>
  </div>
  <ul
    className="sc-cf63bf03-0 jnGrA-D"
  >
    <li
      className="sc-cf63bf03-1 doApLo"
    >
      <div
        className="sc-189919d9-2 cjrtVJ"
      >
        <div
          className="sc-189919d9-0 iBAIFI"
          color="night"
        >
          <div
            className="sc-149d3190-0 ewzPBY"
            color="night"
          />
        </div>
      </div>
      <div
        className="sc-cf63bf03-2 kOxwXQ"
      >
        $800
      </div>
      <div
        className="sc-cf63bf03-3 kdPNii"
      >
        donated
      </div>
    </li>
    <li
      className="sc-cf63bf03-1 doApLo"
    >
      <div
        className="sc-189919d9-2 cjrtVJ"
      >
        <div
          className="sc-189919d9-0 iBAIFI"
          color="night"
        >
          <div
            className="sc-149d3190-0 fKnubI"
            color="night"
          />
        </div>
      </div>
      <div
        className="sc-cf63bf03-2 kOxwXQ"
      >
        42
      </div>
      <div
        className="sc-cf63bf03-3 kdPNii"
      >
        collected
      </div>
    </li>
    <li
      className="sc-cf63bf03-1 doApLo"
    >
      <div
        className="sc-189919d9-2 cjrtVJ"
      >
        <div
          className="sc-189919d9-0 iBAIFI"
          color="night"
        >
          <div
            className="sc-149d3190-0 cxrNwe"
            color="night"
          />
        </div>
      </div>
      <div
        className="sc-cf63bf03-2 kOxwXQ"
      >
        $0
      </div>
      <div
        className="sc-cf63bf03-3 kdPNii"
      >
        collected
      </div>
    </li>
    <li
      className="sc-cf63bf03-1 doApLo"
    >
      <div
        className="sc-189919d9-2 cjrtVJ"
      >
        <div
          className="sc-189919d9-0 iBAIFI"
          color="night"
        >
          <div
            className="sc-149d3190-0 hhaYLS"
            color="night"
          />
        </div>
      </div>
      <div
        className="sc-cf63bf03-2 kOxwXQ"
      >
        100
      </div>
      <div
        className="sc-cf63bf03-3 kdPNii"
      >
        $ART
      </div>
    </li>
  </ul>
  <object
    className="sc-efc54056-6 cdncKp"
    data="/assets/qf-square.svg"
  />
</div>
`;
