// Jest Snapshot v1, https://goo.gl/fbAQLP

exports[`HowItWorks renders correctly 1`] = `
<div
  className="sc-8ef8168e-0 dQCAro"
>
  <div
    className="sc-8ef8168e-1 chkazZ"
  >
    <div
      className="sc-8ef8168e-3 gAgQuT"
    />
    <div
      className="sc-8ef8168e-2 dhVFwq"
    >
      <h2
        className="sc-8ef8168e-4 dmUZGM"
      >
        About
      </h2>
      <p
        className="sc-8ef8168e-5 idChXc"
      >
        Nullam id dolor id nibh ultricies vehicula ut id elit.
      </p>
    </div>
  </div>
  <div
    className="sc-8ef8168e-1 chkazZ"
  >
    <div
      className="sc-8ef8168e-3 hwVjNH"
    />
    <div
      className="sc-8ef8168e-2 dhVFwq"
    >
      <h2
        className="sc-8ef8168e-4 dmUZGM"
      >
        Grants
      </h2>
      <p
        className="sc-8ef8168e-5 idChXc"
      >
        Praesent commodo cursus magna, vel scelerisque nisl consectetur et.
      </p>
      <a
        className="sc-2a588df4-1 kFiSF undefined "
        onClick={[Function]}
        onMouseEnter={[Function]}
        onTouchStart={[Function]}
      >
        <span>
          Learn More
        </span>
      </a>
    </div>
  </div>
  <div
    className="sc-8ef8168e-1 fZfbig"
  >
    <div
      className="sc-8ef8168e-3 bquQfz"
    />
    <div
      className="sc-8ef8168e-2 dhVFwq"
    >
      <h2
        className="sc-8ef8168e-4 dmUZGM"
      >
        Leaderboard
      </h2>
      <p
        className="sc-8ef8168e-5 idChXc"
      >
        Nullam id dolor id nibh ultricies vehicula ut id elit.
      </p>
      <a
        className="sc-2a588df4-1 kFiSF undefined "
        onClick={[Function]}
        onMouseEnter={[Function]}
        onTouchStart={[Function]}
      >
        <span>
          Learn More
        </span>
      </a>
    </div>
  </div>
  <div
    className="sc-8ef8168e-1 chkazZ"
  >
    <div
      className="sc-8ef8168e-3 hAztPz"
    />
    <div
      className="sc-8ef8168e-2 dhVFwq"
    >
      <h2
        className="sc-8ef8168e-4 dmUZGM"
      >
        FAQs
      </h2>
      <p
        className="sc-8ef8168e-5 idChXc"
      >
        Nullam id dolor id nibh ultricies vehicula ut id elit.
      </p>
      <a
        className="sc-2a588df4-1 kFiSF undefined "
        onClick={[Function]}
        onMouseEnter={[Function]}
        onTouchStart={[Function]}
      >
        <span>
          Learn More
        </span>
      </a>
    </div>
  </div>
</div>
`;
