// Jest Snapshot v1, https://goo.gl/fbAQLP

exports[`HowItWorks renders correctly 1`] = `
<div
  className="sc-ac2d3ec3-0 ffAbOB"
>
  <div
    className="sc-ac2d3ec3-1 fTmyjR"
  >
    <div
      className="sc-ac2d3ec3-3 kJBgyu"
    />
    <div
      className="sc-ac2d3ec3-2 ieTmYO"
    >
      <h2
        className="sc-ac2d3ec3-4 hzYqNO"
      >
        Apply for Funding
      </h2>
      <p
        className="sc-ac2d3ec3-5 jkxzKE"
      >
        If you have a project that fits our eligibility requirements, we’d love you to submit it.
      </p>
      <a
        href="https://artizen.link/apply"
        onClick={[Function]}
        onMouseEnter={[Function]}
        onTouchStart={[Function]}
        target="_blank"
      >
        <div
          className="sc-313ded62-1 dPRxLd undefined "
        >
          <span>
            Apply here
          </span>
        </div>
      </a>
    </div>
  </div>
  <div
    className="sc-ac2d3ec3-1 fTmyjR"
  >
    <div
      className="sc-ac2d3ec3-3 gTlCiu"
    />
    <div
      className="sc-ac2d3ec3-2 ieTmYO"
    >
      <h2
        className="sc-ac2d3ec3-4 hzYqNO"
      >
        How It Works
      </h2>
      <p
        className="sc-ac2d3ec3-5 jkxzKE"
      >
        Find out what we’re all about, how donations work and how to submit a project
      </p>
      <a
        href="https://help.artizen.fund/en/articles/6782291-how-the-artizen-fund-works"
        onClick={[Function]}
        onMouseEnter={[Function]}
        onTouchStart={[Function]}
        target="_blank"
      >
        <div
          className="sc-313ded62-1 dPRxLd undefined "
        >
          <span>
            Learn more
          </span>
        </div>
      </a>
    </div>
  </div>
</div>
`;
