// Jest Snapshot v1, https://goo.gl/fbAQLP

exports[`AmountWidget renders correctly 1`] = `
<div
  className="sc-cf7cfc90-0 dmSvkC"
>
  <div
    className="sc-cf7cfc90-1 fHdqbB"
  >
    <span>
      USD
    </span>
  </div>
  <div
    className="sc-cf7cfc90-3 dwofuU"
  >
    <input
      className="sc-cf7cfc90-2 fzorkd"
      onChange={[Function]}
      type="number"
    />
    <label>
      donation total
    </label>
  </div>
  <div
    className="sc-cf7cfc90-4 dERrdJ"
  />
</div>
`;

exports[`AmountWidget renders correctly with props 1`] = `
<div
  className="sc-e7dbeb42-0 ixhPLh"
>
  <div
    className="sc-e7dbeb42-1 bOgYxt"
  >
    <div
      className="sc-b51f94be-2 ioudJW"
    >
      <div
        className="sc-b51f94be-0 cfTHcJ"
        color="night"
      >
        <div
          className="sc-3ba9b100-0 fuFxMs"
          color="night"
        />
      </div>
    </div>
    <div>
      USD
    </div>
  </div>
  <div
    className="sc-e7dbeb42-3 hgJIXT"
  >
    <input
      className="sc-e7dbeb42-2 beoTzS"
      onChange={[Function]}
      value={10}
    />
    <label>
      donation total
    </label>
  </div>
  <div
    className="sc-e7dbeb42-4 jkFbgC"
  >
    <button
      className="sc-313ded62-2 cBxqms undefined "
      onClick={[Function]}
    >
      <div
        className="sc-3ba9b100-0 dwwEdS sc-313ded62-0 ggGmkW"
      />
      <span>
        increase
      </span>
    </button>
    <button
      className="sc-313ded62-2 cBxqms undefined "
      disabled={false}
      onClick={[Function]}
    >
      <div
        className="sc-3ba9b100-0 fxWRkM sc-313ded62-0 ggGmkW"
      />
      <span>
        decrease
      </span>
    </button>
  </div>
</div>
`;
