// Jest Snapshot v1, https://goo.gl/fbAQLP

exports[`AmountWidget renders correctly 1`] = `
<div
  className="sc-5f40db40-0 lhxGxp"
>
  <div
    className="sc-5f40db40-1 iRSyRd"
  >
    <div
      className="sc-b51f94be-2 ioudJW"
    >
      <div
        className="sc-b51f94be-0 cfTHcJ"
        color="night"
      >
        <div
          className="sc-3ba9b100-0 fuFxMs"
          color="night"
        />
      </div>
    </div>
    <div>
      USD
    </div>
  </div>
  <div
    className="sc-5f40db40-3 dbXUDD"
  >
    <input
      className="sc-5f40db40-2 dWdyDm"
      onChange={[Function]}
    />
    <label>
      donation total
    </label>
  </div>
  <div
    className="sc-5f40db40-4 kUHjSe"
  >
    <button
      className="sc-313ded62-2 cBxqms undefined "
      onClick={[Function]}
    >
      <div
        className="sc-3ba9b100-0 dwwEdS sc-313ded62-0 ggGmkW"
      />
      <span>
        increase
      </span>
    </button>
    <button
      className="sc-313ded62-2 cBxqms undefined "
      disabled={false}
      onClick={[Function]}
    >
      <div
        className="sc-3ba9b100-0 fxWRkM sc-313ded62-0 ggGmkW"
      />
      <span>
        decrease
      </span>
    </button>
  </div>
</div>
`;
