// Jest Snapshot v1, https://goo.gl/fbAQLP

exports[`AmountWidget renders correctly 1`] = `
<div
  className="sc-9e28a803-0 eigpMD"
>
  <div
    className="sc-9e28a803-1 eGtFrA"
  >
    <div
      className="sc-122b7a3d-2 ebIrfw"
    >
      <div
        className="sc-122b7a3d-0 fqxyJD"
        color="night"
      >
        <div
          className="sc-1d011157-0 ejjWfH"
          color="night"
        />
      </div>
    </div>
    <span>
      USD
    </span>
  </div>
  <div
    className="sc-9e28a803-3 eBAchZ"
  >
    <input
      className="sc-9e28a803-2 ipUAAE"
      onChange={[Function]}
      type="number"
    />
    <label>
      donation total
    </label>
  </div>
  <div
    className="sc-9e28a803-4 fJrvQg"
  >
    <button
      className="sc-3eee0409-2 dHZKXD undefined "
      onClick={[Function]}
    >
      <div
        className="sc-1d011157-0 dGSXRE sc-3eee0409-0 fKTQlu"
      />
      <span>
        add
      </span>
    </button>
    <button
      className="sc-3eee0409-2 dHZKXD undefined "
      onClick={[Function]}
    >
      <div
        className="sc-1d011157-0 ggBQiE sc-3eee0409-0 fKTQlu"
      />
      <span>
        subtract
      </span>
    </button>
  </div>
</div>
`;
