// Jest Snapshot v1, https://goo.gl/fbAQLP

exports[`renders homepage unchanged 1`] = `
<div>
  <header
    class="sc-2e19aae1-0 eFVtA-d"
  >
    <div
      class="sc-2e19aae1-2 cUuJVW"
    >
      <a
        href="/"
      >
        <div
          class="sc-2e19aae1-1 gbWnLQ"
        >
          Artizen
        </div>
      </a>
      <button
        class="sc-a1052e44-2 frqjg sc-2e19aae1-4 bPkeJt"
      >
        <div
          class="sc-8737affa-0 FiPTj sc-a1052e44-0 gVeOzO"
        >
          arrow
        </div>
        Menu
      </button>
    </div>
    <div
      class="sc-2e19aae1-2 cUuJVW"
    >
      <div
        class="sc-2e19aae1-3 iGedTb"
      >
        <ul>
          <li>
            <a
              href="/"
            >
              Leaderboard
            </a>
          </li>
          <li>
            <a
              href="/"
            >
              How it Works
            </a>
          </li>
        </ul>
      </div>
      <a
        class="sc-a1052e44-1 ZpQCj undefined "
      >
        <div
          class="sc-8737affa-0 bVxSDn sc-a1052e44-0 dJTfxG"
        >
          donate
        </div>
        Donate
      </a>
      <div
        class="sc-47dc7821-0 cdqNSn"
      >
        <div
          class="sc-47dc7821-1 gRBtCJ"
        />
        <div
          class="sc-8737affa-0 lhpOEt sc-47dc7821-2 fCKxSq"
          color="night"
        >
          hamburger
        </div>
        <div
          class="sc-47dc7821-3 dSWlbO"
        >
          <div
            class="sc-47dc7821-4 dJYYIK"
          >
            RP
          </div>
        </div>
      </div>
    </div>
  </header>
</div>
`;
