// Jest Snapshot v1, https://goo.gl/fbAQLP

exports[`SocialLinks renders Footer unchanged 1`] = `
<div>
  <div
    class="sc-91c5d1a5-0 hnoAeU"
  >
    <a
      class="sc-91c5d1a5-1 cSkmvx"
      href="https://twitter.com/artizenfund"
      target="_blank"
    >
      twitter
    </a>
    <a
      class="sc-91c5d1a5-1 cSkmvx"
      href="https://artizen.link/discord"
      target="_blank"
    >
      discord
    </a>
    <a
      class="sc-91c5d1a5-1 cSkmvx"
      href="https://github.com/artizen-fund"
      target="_blank"
    >
      github
    </a>
    <a
      class="sc-91c5d1a5-1 cSkmvx"
      href="https://artizen.link/telegram"
      target="_blank"
    >
      telegram
    </a>
  </div>
</div>
`;
