// Jest Snapshot v1, https://goo.gl/fbAQLP

exports[`SocialLinks renders Footer unchanged 1`] = `
<div>
  <div
    class="sc-94766cdf-0 fnpErs"
  >
    <a
      href="https://twitter.com/artizenfund"
      target="_blank"
    >
      <div
        alt="twitter"
        class="sc-313ded62-1 kgROOa sc-94766cdf-1 fbFPrC "
        target="_blank"
      >
        <div
          class="sc-3ba9b100-0 kSqsgh sc-313ded62-0 ggGmkW"
        />
        <span>
          twitter
        </span>
      </div>
    </a>
    <a
      href="https://artizen.link/discord"
      target="_blank"
    >
      <div
        alt="discord"
        class="sc-313ded62-1 kgROOa sc-94766cdf-1 fbFPrC "
        target="_blank"
      >
        <div
          class="sc-3ba9b100-0 fHtAEo sc-313ded62-0 ggGmkW"
        />
        <span>
          discord
        </span>
      </div>
    </a>
    <a
      href="https://github.com/artizen-fund"
      target="_blank"
    >
      <div
        alt="github"
        class="sc-313ded62-1 kgROOa sc-94766cdf-1 fbFPrC "
        target="_blank"
      >
        <div
          class="sc-3ba9b100-0 cGOFYV sc-313ded62-0 ggGmkW"
        />
        <span>
          github
        </span>
      </div>
    </a>
    <a
      href="https://t.me/artizenfund"
      target="_blank"
    >
      <div
        alt="telegram"
        class="sc-313ded62-1 kgROOa sc-94766cdf-1 fbFPrC "
        target="_blank"
      >
        <div
          class="sc-3ba9b100-0 jFRiTF sc-313ded62-0 ggGmkW"
        />
        <span>
          telegram
        </span>
      </div>
    </a>
  </div>
</div>
`;
