// Jest Snapshot v1, https://goo.gl/fbAQLP

exports[`Footer renders Footer unchanged 1`] = `
<div>
  <div
    class="sc-9199b4ac-0 gjUYWF"
  >
    <footer
      class="sc-c1b16ee7-0 ensBoE"
    >
      <hr
        class="sc-c1b16ee7-1 jHrrSa"
      />
      <ul
        class="sc-c1b16ee7-2 jLlHDl"
      >
        <li>
          Mission
        </li>
        <li>
          Leaderboard
        </li>
        <li>
          How it Works
        </li>
        <li>
          Community
        </li>
      </ul>
      <ul
        class="sc-c1b16ee7-3 bAungC"
      >
        <li>
          Contact
        </li>
        <li>
          Careers
        </li>
        <li>
          Press
        </li>
      </ul>
      <hr
        class="sc-c1b16ee7-1 dCvKd"
      />
      <div
        class="sc-c1b16ee7-4 bYHplR"
      >
        <div
          class="sc-c1b16ee7-5 liEnVY"
        >
          Join the mission to fund public goods.
        </div>
        <div
          class="sc-c1b16ee7-6 eqjNzH"
        >
          <button
            class="sc-a45d3998-2 kTcvJQ undefined "
          >
            <span>
              Donate
            </span>
          </button>
          <button
            class="sc-a45d3998-2 kTcvJQ undefined "
          >
            <span>
              Sign In
            </span>
          </button>
        </div>
      </div>
      <hr
        class="sc-c1b16ee7-1 gydgPo"
      />
      <div
        class="sc-697e6c26-0 kswkdX"
      >
        <a
          class="sc-697e6c26-1 ZHgeb"
          href="https://twitter.com/artizenfund"
          target="_blank"
        >
          twitter
        </a>
        <a
          class="sc-697e6c26-1 jyPDCi"
          href="https://artizen.link/discord"
          target="_blank"
        >
          discord
        </a>
        <a
          class="sc-697e6c26-1 eVSbPL"
          href="https://github.com/artizen-fund"
          target="_blank"
        >
          github
        </a>
        <a
          class="sc-697e6c26-1 ddRiBr"
          href="https://artizen.link/telegram"
          target="_blank"
        >
          telegram
        </a>
      </div>
    </footer>
  </div>
  <div
    class="sc-9199b4ac-0 brREMd sc-c1b16ee7-8 gbxVmH"
  >
    <footer
      class="sc-c1b16ee7-7 bmUaPR"
    >
      <div>
        Open source platform made with ❤️ by a globally distributed team
      </div>
      <ul>
        <li>
          Privacy Policy
        </li>
        <li>
          Terms & Conditions
        </li>
      </ul>
    </footer>
  </div>
</div>
`;
