// Jest Snapshot v1, https://goo.gl/fbAQLP

exports[`Footer renders Footer unchanged 1`] = `
<div>
  <div
    class="sc-8d0edb81-0 gAsIQZ"
  >
    <footer
      class="sc-aae777ba-0 euptXZ"
    >
      <hr
        class="sc-aae777ba-1 kwCfu"
      />
      <ul
        class="sc-aae777ba-2 blWKNI"
      >
        <li>
          Mission
        </li>
        <li>
          Leaderboard
        </li>
        <li>
          How it Works
        </li>
        <li>
          Community
        </li>
      </ul>
      <ul
        class="sc-aae777ba-3 gFIzlP"
      >
        <li>
          Contact
        </li>
        <li>
          Careers
        </li>
        <li>
          Press
        </li>
      </ul>
      <hr
        class="sc-aae777ba-1 haPlHx"
      />
      <div
        class="sc-aae777ba-4 jhvGw"
      >
        <div
          class="sc-aae777ba-5 gwTyep"
        >
          Join the mission to fund public goods.
        </div>
        <div
          class="sc-aae777ba-6 hlbRBf"
        >
          <button
            class="sc-2a588df4-2 gItzDj undefined "
          >
            <span>
              Donate
            </span>
          </button>
          <button
            class="sc-2a588df4-2 gItzDj undefined "
          >
            <span>
              Sign In
            </span>
          </button>
        </div>
      </div>
      <hr
        class="sc-aae777ba-1 buYhaQ"
      />
      <div
        class="sc-91c5d1a5-0 hbgVsC"
      >
        <a
          class="sc-91c5d1a5-1 kbnAwz"
          href="https://twitter.com/artizenfund"
          target="_blank"
        >
          twitter
        </a>
        <a
          class="sc-91c5d1a5-1 kbnAwz"
          href="https://artizen.link/discord"
          target="_blank"
        >
          discord
        </a>
        <a
          class="sc-91c5d1a5-1 kbnAwz"
          href="https://github.com/artizen-fund"
          target="_blank"
        >
          github
        </a>
        <a
          class="sc-91c5d1a5-1 kbnAwz"
          href="https://artizen.link/telegram"
          target="_blank"
        >
          telegram
        </a>
      </div>
    </footer>
  </div>
  <div
    class="sc-8d0edb81-0 ddViZJ sc-aae777ba-8 cKHMOq"
  >
    <footer
      class="sc-aae777ba-7 dWhYWc"
    >
      <div>
        Open source platform made with ❤️ by a globally distributed team
      </div>
      <ul>
        <li>
          Privacy Policy
        </li>
        <li>
          Terms & Conditions
        </li>
      </ul>
    </footer>
  </div>
</div>
`;
