// Jest Snapshot v1, https://goo.gl/fbAQLP

exports[`CheckboxControl renders SelectControl unchanged 1`] = `
<div>
  <label
    class="sc-c63bc471-0 lcTima"
  >
    <div
      class="sc-c63bc471-1 kBIyZx"
    >
      <input
        checked=""
        class="sc-c63bc471-2 bohjsn"
        type="checkbox"
      />
      <span
        class="sc-c63bc471-3 BqPRW"
      />
    </div>
    <span
      class="sc-c63bc471-4 cfYZAN"
    >
      Checkbox control test
    </span>
  </label>
</div>
`;
