// Jest Snapshot v1, https://goo.gl/fbAQLP

exports[`CheckboxControl renders SelectControl unchanged 1`] = `
<div>
  <label
    class="sc-a83d3292-4 jWszdY"
  >
    <div
      class="sc-a83d3292-0 bElFPb"
    >
      <input
        checked=""
        class="sc-a83d3292-1 SDjjZ"
        type="checkbox"
      />
      <span
        class="sc-a83d3292-2 gHUIyX"
      />
    </div>
    <span
      class="sc-a83d3292-3 gQRkgX"
    >
      Checkbox control test
    </span>
  </label>
</div>
`;
