// Jest Snapshot v1, https://goo.gl/fbAQLP

exports[`SelectControl renders SelectControl unchanged 1`] = `
<div>
  <div
    class="sc-95fbcf7b-0 eTbwSC sc-ca0a0556-0 zVRLf"
  >
    <div
      class="sc-e8f3f789-0 jYEzXi"
    >
      <div
        class="sc-ca0a0556-1 csQebk"
      >
        <select />
      </div>
      <label
        class="sc-811bf69e-0 ATCA"
      >
        Segmented enum control test
      </label>
    </div>
  </div>
</div>
`;
