// Jest Snapshot v1, https://goo.gl/fbAQLP

exports[`SelectControl renders SelectControl unchanged 1`] = `
<div>
  <div
    class="sc-f371e309-0 cvhdnt"
  >
    <div
      class="sc-b0cc0188-0 jLYbtK"
    >
      <select
        class="hasData"
      />
      <div
        class="sc-5217b76e-0 ekjRHY"
      />
      <label
        class="sc-62ae6059-0 bjlEKt hasData"
      >
        Segmented enum control test
      </label>
    </div>
    <div
      class="sc-955ed11e-0 eSGmlb"
    />
  </div>
</div>
`;
