// Jest Snapshot v1, https://goo.gl/fbAQLP

exports[`SelectControl renders SelectControl unchanged 1`] = `
<div>
  <div
    class="sc-c6124a9-0 bRBtnA sc-ca0a0556-0 dXiXgZ"
  >
    <div
      class="sc-937ad71b-0 clgDIq"
    >
      <div
        class="sc-ca0a0556-1 csQebk"
      >
        <select />
      </div>
      <label
        class="sc-a1f30d50-0 kIdkKO"
      >
        Segmented enum control test
      </label>
    </div>
  </div>
</div>
`;
