// Jest Snapshot v1, https://goo.gl/fbAQLP

exports[`EditProfile renders correctly 1`] = `
<div
  className="sc-10f8744c-0 dPRsFE"
>
  <div
    className="vertical-layout"
    hidden={false}
  >
    <div
      className="vertical-layout-item"
    >
      <div
        className="sc-2f9d5146-0 ddxjTY"
        id="#/properties/firstName"
      >
        <div
          className="sc-dccedff6-0 jjRMSF"
        >
          <input
            minLength={2}
            onBlur={[Function]}
            onChange={[Function]}
            placeholder=" "
            required={true}
            type="text"
          />
          <label
            className="sc-ffdb2e6c-0 cqczZc"
          >
            First Name
             *
          </label>
        </div>
        <div
          className="sc-93ba83c0-0 BZJQU"
        />
      </div>
    </div>
    <div
      className="vertical-layout-item"
    >
      <div
        className="sc-2f9d5146-0 igZmfY"
        id="#/properties/lastName"
      >
        <div
          className="sc-dccedff6-0 jjRMSF"
        >
          <input
            minLength={2}
            onBlur={[Function]}
            onChange={[Function]}
            placeholder=" "
            required={true}
            type="text"
          />
          <label
            className="sc-ffdb2e6c-0 cqczZc"
          >
            Last Name
             *
          </label>
        </div>
        <div
          className="sc-93ba83c0-0 BZJQU"
        />
      </div>
    </div>
    <div
      className="vertical-layout-item"
    >
      <div
        className="sc-2f9d5146-0 jjUILZ"
        id="#/properties/email"
      >
        <div
          className="sc-dccedff6-0 jjRMSF"
        >
          <input
            onBlur={[Function]}
            onChange={[Function]}
            placeholder=" "
            required={true}
            type="text"
          />
          <label
            className="sc-ffdb2e6c-0 cqczZc"
          >
            Email
             *
          </label>
        </div>
        <div
          className="sc-93ba83c0-0 BZJQU"
        />
      </div>
    </div>
    <div
      className="vertical-layout-item"
    >
      <div
        className="sc-2f9d5146-0 wdohC"
        id="#/properties/bio"
      >
        <div
          className="sc-dccedff6-0 jjRMSF"
        >
          <input
            onBlur={[Function]}
            onChange={[Function]}
            placeholder=" "
            required={false}
            type="text"
          />
          <label
            className="sc-ffdb2e6c-0 cqczZc"
          >
            Biography
          </label>
        </div>
        <div
          className="sc-93ba83c0-0 BZJQU"
        />
      </div>
    </div>
    <div
      className="vertical-layout-item"
    >
      <div
        className="sc-2f9d5146-0 eHVBWb"
        id="#/properties/twitterLink"
      >
        <div
          className="sc-dccedff6-0 jjRMSF"
        >
          <input
            onBlur={[Function]}
            onChange={[Function]}
            placeholder=" "
            required={false}
            type="text"
          />
          <label
            className="sc-ffdb2e6c-0 cqczZc"
          >
            Twitter Handle
          </label>
        </div>
        <div
          className="sc-93ba83c0-0 BZJQU"
        />
      </div>
    </div>
    <div
      className="vertical-layout-item"
    >
      <div
        className="sc-2f9d5146-0 jGezbt"
        id="#/properties/website"
      >
        <div
          className="sc-dccedff6-0 jjRMSF"
        >
          <input
            minLength={12}
            onBlur={[Function]}
            onChange={[Function]}
            placeholder=" "
            required={false}
            type="text"
          />
          <label
            className="sc-ffdb2e6c-0 cqczZc"
          >
            Website
          </label>
        </div>
        <div
          className="sc-93ba83c0-0 BZJQU"
        />
      </div>
    </div>
  </div>
  <button
    className="sc-2a588df4-2 jVJhXF sc-10f8744c-1 iGVMDx "
    disabled={false}
    onClick={[Function]}
  >
    <span>
      Save Changes
    </span>
  </button>
</div>
`;
