// Jest Snapshot v1, https://goo.gl/fbAQLP

exports[`FeaturedArt renders FeaturedArt unchanged 1`] = `
<div>
  <section
    class="sc-db5f90ad-0 kYJKRz"
  >
    <div
      class="sc-4cf5d7c6-0 dgJcrf"
    >
      <div
        class="sc-4cf5d7c6-1 rQNPJ active"
      />
      <div
        class="sc-4cf5d7c6-1 eduBIm inactive"
      />
      <div
        class="sc-4cf5d7c6-1 XgyHX inactive"
      />
    </div>
    <div
      class="sc-db5f90ad-1 hsgONv"
    >
      <div
        class="sc-db5f90ad-2 cmmYlN"
      >
        Title of Monthly Featured Artwork
      </div>
      <div
        class="sc-db5f90ad-3 dVZYio"
      >
        <div
          class="sc-db5f90ad-4 bgWovN"
        >
          <div
            class="sc-8c7bf1ae-2 huxvCL"
          >
            <div
              class="sc-8c7bf1ae-0 bhoRgU"
              color="night"
            >
              <div
                class="sc-9eb58f28-0 eduRIx"
                color="night"
              />
            </div>
            <div
              class="sc-8c7bf1ae-1 ckGAST"
              color="night"
            >
              Artist Name
            </div>
          </div>
        </div>
        <div
          class="sc-db5f90ad-4 bgWovN"
        >
          <div
            class="sc-8c7bf1ae-2 huxvCL"
          >
            <div
              class="sc-8c7bf1ae-0 bhoRgU"
              color="night"
            >
              <div
                class="sc-9eb58f28-0 hZXkji"
                color="night"
              />
            </div>
            <div
              class="sc-8c7bf1ae-1 ckGAST"
              color="night"
            >
              Created # days ago
            </div>
          </div>
        </div>
        <div
          class="sc-db5f90ad-4 bgWovN"
        >
          <div
            class="sc-8c7bf1ae-2 huxvCL"
          >
            <div
              class="sc-8c7bf1ae-0 bhoRgU"
              color="night"
            >
              <div
                class="sc-9eb58f28-0 ccFrgu"
                color="night"
              />
            </div>
            <div
              class="sc-8c7bf1ae-1 ckGAST"
              color="night"
            >
              Tag Name
            </div>
          </div>
        </div>
      </div>
    </div>
  </section>
</div>
`;
