// Jest Snapshot v1, https://goo.gl/fbAQLP

exports[`FeaturedArt renders FeaturedArt unchanged 1`] = `
<div>
  <section
    class="sc-cdeaa557-0 cAptND"
  >
    <div
      class="sc-4cf5d7c6-0 dgJcrf"
    />
    <div
      class="sc-cdeaa557-1 boWMqn"
    >
      <div
        class="sc-cdeaa557-2 buQvQx"
      >
        Title of Monthly Featured Artwork
      </div>
      <div
        class="sc-cdeaa557-3 GqOUk"
      >
        <div
          class="sc-cdeaa557-4 eDRDbJ"
        >
          <div
            class="sc-c089a03b-2 VsSZo"
          >
            <div
              class="sc-c089a03b-0 ja-DffS"
              color="night"
            >
              <div
                class="sc-149d3190-0 jBhTBE"
                color="night"
              />
            </div>
          </div>
        </div>
        <div
          class="sc-cdeaa557-4 eDRDbJ"
        >
          <div
            class="sc-c089a03b-2 VsSZo"
          >
            <div
              class="sc-c089a03b-0 ja-DffS"
              color="night"
            >
              <div
                class="sc-149d3190-0 boLSjf"
                color="night"
              />
            </div>
            <div
              class="sc-c089a03b-1 gmqtJg"
              color="night"
            >
              Created 0 days ago
            </div>
          </div>
        </div>
        <div
          class="sc-cdeaa557-4 eDRDbJ"
        >
          <div
            class="sc-c089a03b-2 VsSZo"
          >
            <div
              class="sc-c089a03b-0 ja-DffS"
              color="night"
            >
              <div
                class="sc-149d3190-0 LgDQb"
                color="night"
              />
            </div>
            <div
              class="sc-c089a03b-1 gmqtJg"
              color="night"
            >
              Tag Name
            </div>
          </div>
        </div>
      </div>
    </div>
  </section>
</div>
`;
