// Jest Snapshot v1, https://goo.gl/fbAQLP

exports[`FeaturedArt renders FeaturedArt unchanged 1`] = `
<div>
  <section
    class="sc-fbf3a5a7-0 iQOFZZ"
  >
    <div
      class="sc-4cf5d7c6-0 dgJcrf"
    />
    <div
      class="sc-fbf3a5a7-1 QFhrh"
    >
      <div
        class="sc-fbf3a5a7-2 ixreqP"
      >
        Title of Monthly Featured Artwork
      </div>
      <div
        class="sc-fbf3a5a7-3 bXMCqK"
      >
        <div
          class="sc-fbf3a5a7-4 hhDzIP"
        >
          <div
            class="sc-8c7bf1ae-2 huxvCL"
          >
            <div
              class="sc-8c7bf1ae-0 bhoRgU"
              color="night"
            >
              <div
                class="sc-1d011157-0 dXwlo"
                color="night"
              />
            </div>
          </div>
        </div>
        <div
          class="sc-fbf3a5a7-4 hhDzIP"
        >
          <div
            class="sc-8c7bf1ae-2 huxvCL"
          >
            <div
              class="sc-8c7bf1ae-0 bhoRgU"
              color="night"
            >
              <div
                class="sc-1d011157-0 egnNUr"
                color="night"
              />
            </div>
            <div
              class="sc-8c7bf1ae-1 ckGAST"
              color="night"
            >
              Created 0 days ago
            </div>
          </div>
        </div>
        <div
          class="sc-fbf3a5a7-4 hhDzIP"
        >
          <div
            class="sc-8c7bf1ae-2 huxvCL"
          >
            <div
              class="sc-8c7bf1ae-0 bhoRgU"
              color="night"
            >
              <div
                class="sc-1d011157-0 dkWMKP"
                color="night"
              />
            </div>
            <div
              class="sc-8c7bf1ae-1 ckGAST"
              color="night"
            >
              Tag Name
            </div>
          </div>
        </div>
      </div>
    </div>
  </section>
</div>
`;
