// Jest Snapshot v1, https://goo.gl/fbAQLP

exports[`Newsletter renders Newsletter unchanged 1`] = `
<div>
  <div
    class="sc-45d68d47-0 iEHcks sc-861ef53e-0"
  >
    <div
      class="sc-861ef53e-3 ivcWrk"
    >
      <div
        class="sc-861ef53e-4 sMwVm"
      >
        <div
          class="sc-861ef53e-5 ewecyG"
        >
          <span>
            Want to see where this goes?
            <br />
            Let’s keep in touch.
          </span>
        </div>
        <div
          class="sc-861ef53e-6 gizKnd"
        >
          Sign up for our free newsletter
        </div>
      </div>
      <div
        class="vertical-layout"
      >
        <div
          class="vertical-layout-item"
        >
          <div
            class="sc-2f9d5146-0 ewQlrQ"
            id="#/properties/FNAME"
          >
            <div
              class="sc-3d47d0c3-0 dNJokE"
            >
              <input
                minlength="2"
                placeholder=" "
                type="text"
                value=""
              />
              <label
                class="sc-aacc9954-0 dyxLqB"
              >
                First Name
              </label>
              <div
                class="sc-56d3ceba-0 dWOypg"
              >
                <div
                  class="sc-3ba9b100-0 fGdMTk"
                  color="night"
                />
              </div>
            </div>
            <div
              class="sc-a6becebf-0 iqYcJk"
            />
          </div>
        </div>
        <div
          class="vertical-layout-item"
        >
          <div
            class="sc-2f9d5146-0 dPjBKe"
            id="#/properties/LNAME"
          >
            <div
              class="sc-3d47d0c3-0 dNJokE"
            >
              <input
                minlength="2"
                placeholder=" "
                type="text"
                value=""
              />
              <label
                class="sc-aacc9954-0 dyxLqB"
              >
                Last Name
              </label>
              <div
                class="sc-56d3ceba-0 dWOypg"
              >
                <div
                  class="sc-3ba9b100-0 fGdMTk"
                  color="night"
                />
              </div>
            </div>
            <div
              class="sc-a6becebf-0 iqYcJk"
            />
          </div>
        </div>
        <div
          class="vertical-layout-item"
        >
          <div
            class="sc-2f9d5146-0 etJpoB"
            id="#/properties/EMAIL"
          >
            <div
              class="sc-3d47d0c3-0 dNJokE"
            >
              <input
                placeholder=" "
                required=""
                type="text"
                value=""
              />
              <label
                class="sc-aacc9954-0 dyxLqB"
              >
                Email Address
                 *
              </label>
              <div
                class="sc-56d3ceba-0 dWOypg"
              >
                <div
                  class="sc-3ba9b100-0 fGdMTk"
                  color="night"
                />
              </div>
            </div>
            <div
              class="sc-a6becebf-0 iqYcJk"
            >
              is a required property
            </div>
          </div>
        </div>
        <div
          class="vertical-layout-item"
        >
          <label
            class="sc-ba7c8cb0-4 fQkYxp"
            id="#/properties/OPTIN"
          >
            <div
              class="sc-ba7c8cb0-0 drqsMz"
            >
              <input
                checked=""
                class="sc-ba7c8cb0-1 gDeSTk"
                required=""
                type="checkbox"
              />
              <span
                class="sc-ba7c8cb0-2 drHdUG"
              >
                <div
                  class="sc-3ba9b100-0 kxhsMF"
                />
              </span>
            </div>
            <span
              class="sc-ba7c8cb0-3 brhBsN"
            >
              I agree to receive the Artizen newsletter
            </span>
          </label>
        </div>
      </div>
      <button
        class="sc-313ded62-2 qDeso sc-861ef53e-1 cNVTTE  disabled"
        disabled=""
      >
        <span>
          Subscribe Now
        </span>
      </button>
      <div
        class="sc-861ef53e-2 epbrOx"
        disabled=""
      >
        <div
          class="sc-b51f94be-2 ioudJW"
        >
          <div
            class="sc-b51f94be-0 fVDrcr"
            color="uiSuccess"
          >
            <div
              class="sc-3ba9b100-0 hsgGRj"
              color="uiSuccess"
            />
          </div>
        </div>
        <div>
          Congrats, confirmation sent!
        </div>
        <p>
          Check your email and follow the steps to confirm your subscription.
        </p>
      </div>
    </div>
  </div>
</div>
`;
