// Jest Snapshot v1, https://goo.gl/fbAQLP

exports[`Newsletter renders Newsletter unchanged 1`] = `
<div>
  <div
    class="sc-9199b4ac-0 gjUYWF"
  >
    <div
      class="sc-e052cc57-2 kzhQlf"
    >
      <div
        class="sc-e052cc57-3 ekWlwl"
      >
        <div
          class="sc-e052cc57-4 bXgnMH"
        >
          Join us in building the world's largest web3 fund for public goods
        </div>
        <div
          class="sc-e052cc57-5 iHMvsT"
        >
          Sign up for our free newsletter
        </div>
      </div>
      <div
        class="vertical-layout"
      >
        <div
          class="vertical-layout-item"
        >
          <div
            class="sc-2f9d5146-0 cmhLgf"
            id="#/properties/FNAME"
          >
            <div
              class="sc-233fee17-0 kLNnFl"
            >
              <input
                minlength="2"
                placeholder=" "
                type="text"
                value=""
              />
              <label
                class="sc-ffdb2e6c-0 eexGRl"
              >
                First Name
              </label>
            </div>
            <div
              class="sc-93ba83c0-0 bAVzHI"
            />
          </div>
        </div>
        <div
          class="vertical-layout-item"
        >
          <div
            class="sc-2f9d5146-0 ldCYfJ"
            id="#/properties/LNAME"
          >
            <div
              class="sc-233fee17-0 kLNnFl"
            >
              <input
                minlength="2"
                placeholder=" "
                type="text"
                value=""
              />
              <label
                class="sc-ffdb2e6c-0 eexGRl"
              >
                Last Name
              </label>
            </div>
            <div
              class="sc-93ba83c0-0 bAVzHI"
            />
          </div>
        </div>
        <div
          class="vertical-layout-item"
        >
          <div
            class="sc-2f9d5146-0 eDHzex"
            id="#/properties/EMAIL"
          >
            <div
              class="sc-233fee17-0 kLNnFl"
            >
              <input
                placeholder=" "
                required=""
                type="text"
                value=""
              />
              <label
                class="sc-ffdb2e6c-0 eexGRl"
              >
                Email Address
                 *
              </label>
            </div>
            <div
              class="sc-93ba83c0-0 bAVzHI"
            >
              is a required property
            </div>
          </div>
        </div>
        <div
          class="vertical-layout-item"
        >
          <label
            class="sc-dd35d48e-4 cvrVnH"
            id="#/properties/OPTIN"
          >
            <div
              class="sc-dd35d48e-0 lmHjtw"
            >
              <input
                checked=""
                class="sc-dd35d48e-1 clTMzK"
                required=""
                type="checkbox"
              />
              <span
                class="sc-dd35d48e-2 Legqi"
              />
            </div>
            <span
              class="sc-dd35d48e-3 kiyWfS"
            >
              Opt-in to receive the Artizen newsletter.
            </span>
          </label>
        </div>
      </div>
      <button
        class="sc-a6b3add2-2 flWfZN sc-e052cc57-0 ragrT  disabled"
        disabled=""
      >
        <span>
          Submit
        </span>
      </button>
      <div
        class="sc-e052cc57-1 kRvjmH"
      >
        <div>
          Congrats, confirmation sent!
        </div>
        <p>
          Check your email and follow the steps to confirm your subscription.
        </p>
      </div>
    </div>
  </div>
</div>
`;
