// Jest Snapshot v1, https://goo.gl/fbAQLP

exports[`Newsletter renders Newsletter unchanged 1`] = `
<div>
  <div
    class="sc-b3ed1e8f-0 SyFSF"
  >
    <div
      class="sc-75259fba-0 gfzwpp"
    >
      <div
        class="sc-75259fba-1 fcxgHe"
      >
        <div
          class="sc-75259fba-2 hDYKex"
        >
          Join us in building the world's largest web3 fund for public goods
        </div>
        <div
          class="sc-75259fba-3 yZImm"
        >
          Sign up for our free newsletter
        </div>
      </div>
      <div
        class="vertical-layout"
      >
        <div
          class="vertical-layout-item"
        >
          <div
            class="sc-d3d8f8dd-0 cbhGLu"
            id="#/properties/firstName"
          >
            <div
              class="sc-460918ac-0 cwmxlV"
            >
              <input
                class="noData"
                minlength="2"
                type="text"
                value=""
              />
              <label
                class="sc-f769c06f-0 fdTyWu"
              >
                First Name
              </label>
            </div>
            <div
              class="sc-955ed11e-0 eSGmlb"
            />
          </div>
        </div>
        <div
          class="vertical-layout-item"
        >
          <div
            class="sc-d3d8f8dd-0 cbhGLu"
            id="#/properties/lastName"
          >
            <div
              class="sc-460918ac-0 cwmxlV"
            >
              <input
                class="noData"
                minlength="2"
                type="text"
                value=""
              />
              <label
                class="sc-f769c06f-0 fdTyWu"
              >
                Last Name
              </label>
            </div>
            <div
              class="sc-955ed11e-0 eSGmlb"
            />
          </div>
        </div>
        <div
          class="vertical-layout-item"
        >
          <div
            class="sc-d3d8f8dd-0 cbhGLu"
            id="#/properties/email"
          >
            <div
              class="sc-460918ac-0 cwmxlV"
            >
              <input
                class="noData"
                required=""
                type="text"
                value=""
              />
              <label
                class="sc-f769c06f-0 fdTyWu"
              >
                Email Address
                 *
              </label>
            </div>
            <div
              class="sc-955ed11e-0 eSGmlb"
            >
              * required field
            </div>
          </div>
        </div>
        <div
          class="vertical-layout-item"
        >
          <label
            class="sc-ff21c776-4 fpxbXT"
            id="#/properties/optIn"
          >
            <div
              class="sc-ff21c776-0 iCuvBl"
            >
              <input
                class="sc-ff21c776-1 ekDnrb"
                required=""
                type="checkbox"
              />
              <span
                class="sc-ff21c776-2 ejxhRJ"
              />
            </div>
            <span
              class="sc-ff21c776-3 fAfQul"
              color="white"
            >
              Opt-in to receive the Artizen newsletter.
            </span>
          </label>
        </div>
      </div>
      <button
        class="sc-a72af660-2 bDNfBj sc-75259fba-4 eSIuZq"
      >
        Submit
      </button>
    </div>
  </div>
</div>
`;
