// Jest Snapshot v1, https://goo.gl/fbAQLP

exports[`renders AccountButton unchanged 1`] = `
<div>
  <div
    class="sc-13239cf-0 bGwaCQ"
  >
    <div
      class="sc-13239cf-1 cEohiw"
    />
    <div
      class="sc-8737affa-0 lhpOEt sc-13239cf-2 geskGN"
      color="night"
    >
      hamburger
    </div>
    <div
      class="sc-13239cf-3 hQiNXx"
    >
      <div
        class="sc-13239cf-4 kNvKMW"
      >
        RP
      </div>
    </div>
  </div>
</div>
`;
