// Jest Snapshot v1, https://goo.gl/fbAQLP

exports[`renders AccountButton unchanged 1`] = `
<div>
  <div
    class="sc-43bbadb3-0 iYnzAE"
  >
    <div
      class="sc-43bbadb3-1 bQaaJo"
    />
    <div
      class="sc-f4d50627-0 gcgjff sc-43bbadb3-2 gMVQOR"
      color="night"
    >
      hamburger
    </div>
    <div
      class="sc-43bbadb3-3 IXexl"
    >
      <div
        class="sc-43bbadb3-4 cUTgml"
      >
        RP
      </div>
    </div>
    AZ
  </div>
</div>
`;
