// Jest Snapshot v1, https://goo.gl/fbAQLP

exports[`NumberControl renders NumberControl unchanged 1`] = `
<div>
  <div
    class="sc-2f9d5146-0 fXWYaa"
  >
    <div
      class="sc-233fee17-0 bfoGJf"
      disabled=""
    >
      <input
        class="hasData"
        disabled=""
        placeholder=" "
        step="any"
        type="number"
        value="5"
      />
      <label
        class="sc-ffdb2e6c-0 eexGRl"
      >
        Integer test
      </label>
      <div
        class="sc-8c7bf1ae-2 jOAuUM"
      >
        <div
          class="sc-8c7bf1ae-0 gTUyet"
          color="white"
        >
          <div
            class="sc-9eb58f28-0 gvNxsL"
            color="white"
          />
        </div>
      </div>
    </div>
    <div
      class="sc-93ba83c0-0 bAVzHI"
    />
  </div>
</div>
`;
