// Jest Snapshot v1, https://goo.gl/fbAQLP

exports[`NumberControl renders NumberControl unchanged 1`] = `
<div>
  <div
    class="sc-c78f65af-0 eqqcQz"
  >
    <div
      class="sc-460918ac-0 bCOVth"
    >
      <input
        class="hasData"
        step="any"
        type="number"
        value="5"
      />
      <label
        class="sc-f769c06f-0 kZoseS"
      >
        Integer test
      </label>
    </div>
    <div
      class="sc-955ed11e-0 griBRj"
    />
  </div>
</div>
`;
