// Jest Snapshot v1, https://goo.gl/fbAQLP

exports[`NumberControl renders NumberControl unchanged 1`] = `
<div>
  <div
    class="sc-d3d8f8dd-0 cbhGLu"
  >
    <div
      class="sc-460918ac-0 cwmxlV"
    >
      <input
        class="hasData"
        step="any"
        type="number"
        value="5"
      />
      <label
        class="sc-f769c06f-0 fdTyWu"
      >
        Integer test
      </label>
    </div>
    <div
      class="sc-955ed11e-0 eSGmlb"
    />
  </div>
</div>
`;
