// Jest Snapshot v1, https://goo.gl/fbAQLP

exports[`NumberControl renders NumberControl unchanged 1`] = `
<div>
  <div
    class="sc-e191228e-0 bwBNFU"
  >
    <div
      class="sc-9db10430-0 gtsrND"
    >
      <input
        class="hasData"
        step="any"
        type="number"
        value="5"
      />
      <label
        class="sc-62ae6059-0 bjlEKt"
      >
        Integer test
      </label>
    </div>
    <div
      class="sc-955ed11e-0 eSGmlb"
    />
  </div>
</div>
`;
