// Jest Snapshot v1, https://goo.gl/fbAQLP

exports[`Layout renders Layout unchanged 1`] = `
<div>
  <div
    class="sc-29d73b66-0"
  >
    <header
      class="sc-8ef0492a-0 kiRjAF"
    >
      <div
        class="sc-8ef0492a-2 gsMAck"
      >
        <a
          href="/"
        >
          <div
            class="sc-8ef0492a-1 jKmsbu"
          >
            Artizen
          </div>
        </a>
        <button
          class="sc-b4940b6a-2 gyaHl sc-8ef0492a-4 ggjchk "
        >
          <span>
            Menu
          </span>
        </button>
      </div>
      <div
        class="sc-8ef0492a-2 gsMAck"
      >
        <div
          class="sc-8ef0492a-3 iLOAzN"
        >
          <ul>
            <li>
              <a
                href="/"
              >
                Leaderboard
              </a>
            </li>
            <li>
              <a
                href="/"
              >
                How it Works
              </a>
            </li>
          </ul>
        </div>
        <a
          class="sc-b4940b6a-1 eEXIDI undefined "
        >
          <div
            class="sc-9eb58f28-0 iglxpF sc-b4940b6a-0 cuZhbr"
          />
          <span>
            Donate
          </span>
        </a>
        <div
          class="sc-c9ad08a7-0 bmdPNW"
        >
          <div
            class="sc-c9ad08a7-1 exDNIY"
          />
          <div
            class="sc-9eb58f28-0 htauXl sc-c9ad08a7-2 clzIyX"
            color="night"
          />
          <div
            class="sc-c9ad08a7-3 zyGfP"
          >
            <div
              class="sc-c9ad08a7-4 fdnGin"
            >
              RP
            </div>
          </div>
        </div>
      </div>
    </header>
    <main
      class="sc-29d73b66-1 gEpBEx"
    />
    <div
      class="sc-9199b4ac-0 gjUYWF"
    >
      <footer
        class="sc-e5aa8865-0 scUXH"
      >
        <hr
          class="sc-e5aa8865-1 iujsWZ"
        />
        <ul
          class="sc-e5aa8865-2 facUha"
        >
          <li>
            Mission
          </li>
          <li>
            Leaderboard
          </li>
          <li>
            How it Works
          </li>
          <li>
            Community
          </li>
        </ul>
        <ul
          class="sc-e5aa8865-3 bSPibJ"
        >
          <li>
            Contact
          </li>
          <li>
            Careers
          </li>
          <li>
            Press
          </li>
        </ul>
        <hr
          class="sc-e5aa8865-1 bsoFwi"
        />
        <div
          class="sc-e5aa8865-4 dTDGUS"
        >
          <div
            class="sc-e5aa8865-5 dRUFfP"
          >
            Join the mission to fund public goods.
          </div>
          <div
            class="sc-e5aa8865-6 iKvjEo"
          >
            <button
              class="sc-b4940b6a-2 MnuBm undefined "
            >
              <span>
                Donate
              </span>
            </button>
            <button
              class="sc-b4940b6a-2 MnuBm undefined "
            >
              <span>
                Sign In
              </span>
            </button>
          </div>
        </div>
        <hr
          class="sc-e5aa8865-1 hLSIUz"
        />
        <div
          class="sc-697e6c26-0 kswkdX"
        >
          <a
            class="sc-697e6c26-1 ZHgeb"
            href="https://twitter.com/artizenfund"
            target="_blank"
          >
            twitter
          </a>
          <a
            class="sc-697e6c26-1 jyPDCi"
            href="https://artizen.link/discord"
            target="_blank"
          >
            discord
          </a>
          <a
            class="sc-697e6c26-1 eVSbPL"
            href="https://github.com/artizen-fund"
            target="_blank"
          >
            github
          </a>
          <a
            class="sc-697e6c26-1 ddRiBr"
            href="https://artizen.link/telegram"
            target="_blank"
          >
            telegram
          </a>
        </div>
      </footer>
    </div>
    <div
      class="sc-9199b4ac-0 brREMd sc-e5aa8865-8 kglVqc"
    >
      <footer
        class="sc-e5aa8865-7 cUEcfi"
      >
        <div>
          Open source platform made with ❤️ by a globally distributed team
        </div>
        <ul>
          <li>
            Privacy Policy
          </li>
          <li>
            Terms & Conditions
          </li>
        </ul>
      </footer>
    </div>
  </div>
</div>
`;
