// Jest Snapshot v1, https://goo.gl/fbAQLP

exports[`Layout renders Layout unchanged 1`] = `
<div>
  <div
    class="sc-29d73b66-0"
  >
    <header
      class="sc-3d3423c2-0 spKTh"
    >
      <div
        class="sc-3d3423c2-2 hVsTkp"
      >
        <a
          href="/"
        >
          <div
            class="sc-3d3423c2-1 gtrDXz"
          >
            Artizen
          </div>
        </a>
        <button
          class="sc-21c50e09-2 fySYKP sc-3d3423c2-4 fIspEB "
        >
          <span>
            Menu
          </span>
          <div
            class="sc-8737affa-0 gPfcJB sc-21c50e09-0 gQPwQA"
            color="white"
          >
            arrow
          </div>
        </button>
      </div>
      <div
        class="sc-3d3423c2-2 hVsTkp"
      >
        <div
          class="sc-3d3423c2-3 jNfbAw"
        >
          <ul>
            <li>
              <a
                href="/"
              >
                Leaderboard
              </a>
            </li>
            <li>
              <a
                href="/"
              >
                How it Works
              </a>
            </li>
          </ul>
        </div>
        <a
          class="sc-21c50e09-1 irfFLJ undefined "
        >
          <div
            class="sc-8737affa-0 kwTYSl sc-21c50e09-0 gQPwQA"
            color="white"
          >
            donate
          </div>
          <span>
            Donate
          </span>
        </a>
        <div
          class="sc-47dc7821-0 bERdPH"
        >
          <div
            class="sc-47dc7821-1 gRBtCJ"
          />
          <div
            class="sc-8737affa-0 bcnHmJ sc-47dc7821-2 etaqjK"
            color="night"
          >
            hamburger
          </div>
          <div
            class="sc-47dc7821-3 ksJggS"
          >
            <div
              class="sc-47dc7821-4 kGTxhi"
            >
              RP
            </div>
          </div>
        </div>
      </div>
    </header>
    <main
      class="sc-29d73b66-1 gEpBEx"
    />
    <div
      class="sc-9199b4ac-0 gjUYWF"
    >
      <footer
        class="sc-f5137ace-0 hwwInd"
      >
        <hr
          class="sc-f5137ace-1 Gzpnn"
        />
        <ul
          class="sc-f5137ace-2 elBpRt"
        >
          <li>
            Mission
          </li>
          <li>
            Leaderboard
          </li>
          <li>
            How it Works
          </li>
          <li>
            Community
          </li>
        </ul>
        <ul
          class="sc-f5137ace-3 hQwgsl"
        >
          <li>
            Contact
          </li>
          <li>
            Careers
          </li>
          <li>
            Press
          </li>
        </ul>
        <hr
          class="sc-f5137ace-1 ieaOSs"
        />
        <div
          class="sc-f5137ace-4 cVmtEU"
        >
          <div
            class="sc-f5137ace-5 yqDKo"
          >
            Join the mission to fund public goods.
          </div>
          <div
            class="sc-f5137ace-6 gSJNRe"
          >
            <button
              class="sc-21c50e09-2 bbXbsp undefined "
            >
              <span>
                Donate
              </span>
            </button>
            <button
              class="sc-21c50e09-2 bbXbsp undefined "
            >
              <span>
                Sign In
              </span>
            </button>
          </div>
        </div>
        <hr
          class="sc-f5137ace-1 bJA-dNh"
        />
        <div
          class="sc-697e6c26-0 kswkdX"
        >
          <a
            class="sc-697e6c26-1 ZHgeb"
            href="https://twitter.com/artizenfund"
            target="_blank"
          >
            twitter
          </a>
          <a
            class="sc-697e6c26-1 jyPDCi"
            href="https://artizen.link/discord"
            target="_blank"
          >
            discord
          </a>
          <a
            class="sc-697e6c26-1 eVSbPL"
            href="https://github.com/artizen-fund"
            target="_blank"
          >
            github
          </a>
          <a
            class="sc-697e6c26-1 ddRiBr"
            href="https://artizen.link/telegram"
            target="_blank"
          >
            telegram
          </a>
        </div>
      </footer>
    </div>
    <div
      class="sc-9199b4ac-0 brREMd sc-f5137ace-8 bjLigi"
    >
      <footer
        class="sc-f5137ace-7 gEbPfu"
      >
        <div>
          Open source platform made with ❤️ by a globally distributed team
        </div>
        <ul>
          <li>
            Privacy Policy
          </li>
          <li>
            Terms & Conditions
          </li>
        </ul>
      </footer>
    </div>
  </div>
</div>
`;
