// Jest Snapshot v1, https://goo.gl/fbAQLP

exports[`Layout renders Layout unchanged 1`] = `
<div>
  <div
    class="sc-29d73b66-0"
  >
    <header
      class="sc-2401c112-0 fSRIkS"
    >
      <div
        class="sc-2401c112-2 iqTmXD"
      >
        <a
          href="/"
        >
          <div
            class="sc-2401c112-1 cpSrel"
          >
            Artizen
          </div>
        </a>
        <button
          class="sc-a6b3add2-2 bTccxJ sc-2401c112-4 kbLHcD "
        >
          <span>
            Menu
          </span>
        </button>
      </div>
      <div
        class="sc-2401c112-2 iqTmXD"
      >
        <div
          class="sc-2401c112-3 ftXPqi"
        >
          <ul>
            <li>
              <a
                href="/"
              >
                Leaderboard
              </a>
            </li>
            <li>
              <a
                href="/"
              >
                How it Works
              </a>
            </li>
          </ul>
        </div>
        <a
          class="sc-a6b3add2-1 hCOHDc undefined "
        >
          <div
            class="sc-9eb58f28-0 iglxpF sc-a6b3add2-0 fCwpyU"
          />
          <span>
            Donate
          </span>
        </a>
        <div
          class="sc-c9ad08a7-0 bmdPNW"
        >
          <div
            class="sc-c9ad08a7-1 exDNIY"
          />
          <div
            class="sc-9eb58f28-0 htauXl sc-c9ad08a7-2 clzIyX"
            color="night"
          />
          <div
            class="sc-c9ad08a7-3 zyGfP"
          >
            <div
              class="sc-c9ad08a7-4 fdnGin"
            >
              RP
            </div>
          </div>
        </div>
      </div>
    </header>
    <main
      class="sc-29d73b66-1 gEpBEx"
    />
    <div
      class="sc-9199b4ac-0 gjUYWF"
    >
      <footer
        class="sc-aae777ba-0 hitCwF"
      >
        <hr
          class="sc-aae777ba-1 LzWqX"
        />
        <ul
          class="sc-aae777ba-2 eNWZjQ"
        >
          <li>
            Mission
          </li>
          <li>
            Leaderboard
          </li>
          <li>
            How it Works
          </li>
          <li>
            Community
          </li>
        </ul>
        <ul
          class="sc-aae777ba-3 kiCPon"
        >
          <li>
            Contact
          </li>
          <li>
            Careers
          </li>
          <li>
            Press
          </li>
        </ul>
        <hr
          class="sc-aae777ba-1 bPvDbo"
        />
        <div
          class="sc-aae777ba-4 jhvGw"
        >
          <div
            class="sc-aae777ba-5 HLgQx"
          >
            Join the mission to fund public goods.
          </div>
          <div
            class="sc-aae777ba-6 fsaJbW"
          >
            <button
              class="sc-a6b3add2-2 UcTca undefined "
            >
              <span>
                Donate
              </span>
            </button>
            <button
              class="sc-a6b3add2-2 UcTca undefined "
            >
              <span>
                Sign In
              </span>
            </button>
          </div>
        </div>
        <hr
          class="sc-aae777ba-1 haqjUl"
        />
        <div
          class="sc-697e6c26-0 kswkdX"
        >
          <a
            class="sc-697e6c26-1 ZHgeb"
            href="https://twitter.com/artizenfund"
            target="_blank"
          >
            twitter
          </a>
          <a
            class="sc-697e6c26-1 jyPDCi"
            href="https://artizen.link/discord"
            target="_blank"
          >
            discord
          </a>
          <a
            class="sc-697e6c26-1 eVSbPL"
            href="https://github.com/artizen-fund"
            target="_blank"
          >
            github
          </a>
          <a
            class="sc-697e6c26-1 ddRiBr"
            href="https://artizen.link/telegram"
            target="_blank"
          >
            telegram
          </a>
        </div>
      </footer>
    </div>
    <div
      class="sc-9199b4ac-0 brREMd sc-aae777ba-8 cKHMOq"
    >
      <footer
        class="sc-aae777ba-7 fRCnZI"
      >
        <div>
          Open source platform made with ❤️ by a globally distributed team
        </div>
        <ul>
          <li>
            Privacy Policy
          </li>
          <li>
            Terms & Conditions
          </li>
        </ul>
      </footer>
    </div>
  </div>
</div>
`;
