// Jest Snapshot v1, https://goo.gl/fbAQLP

exports[`CheckboxControl renders SelectControl unchanged 1`] = `
<div>
  <label
    class="sc-ff21c776-4 fpxbXT"
  >
    <div
      class="sc-ff21c776-0 iCuvBl"
    >
      <input
        checked=""
        class="sc-ff21c776-1 ekDnrb"
        type="checkbox"
      />
      <span
        class="sc-ff21c776-2 ejxhRJ"
      />
    </div>
    <span
      class="sc-ff21c776-3 hjWLRk"
    >
      Checkbox control test
    </span>
  </label>
</div>
`;
