// Jest Snapshot v1, https://goo.gl/fbAQLP

exports[`CheckboxControl renders SelectControl unchanged 1`] = `
<div>
  <label
    class="sc-6a2cf497-4 isnlUR"
  >
    <div
      class="sc-6a2cf497-0 fcZxBh"
    >
      <input
        checked=""
        class="sc-6a2cf497-1 dXyKvL"
        type="checkbox"
      />
      <span
        class="sc-6a2cf497-2 ioyuXV"
      />
    </div>
    <span
      class="sc-6a2cf497-3 fEGQPg"
    >
      Checkbox control test
    </span>
  </label>
</div>
`;
