// Jest Snapshot v1, https://goo.gl/fbAQLP

exports[`CheckboxControl renders SelectControl unchanged 1`] = `
<div>
  <label
    class="sc-94a2615b-4 vyhjA"
  >
    <div
      class="sc-94a2615b-0 dEeEHB"
    >
      <input
        checked=""
        class="sc-94a2615b-1 foJfOn"
        type="checkbox"
      />
      <span
        class="sc-94a2615b-2 gZzYJ"
      />
    </div>
    <span
      class="sc-94a2615b-3 iLipNt"
    >
      Checkbox control test
    </span>
  </label>
</div>
`;
