// Jest Snapshot v1, https://goo.gl/fbAQLP

exports[`SwitchControl renders SelectControl unchanged 1`] = `
<div>
  <label
    class="sc-9ada3364-0 hdNVcL"
  >
    <span
      class="sc-9ada3364-3 lfFpFW"
    >
      Switch control test
    </span>
    <input
      checked=""
      class="sc-9ada3364-1 gmPtjO"
      type="checkbox"
    />
    <span
      class="sc-9ada3364-2 fqnYa"
    />
  </label>
</div>
`;
