// Jest Snapshot v1, https://goo.gl/fbAQLP

exports[`SwitchControl renders SelectControl unchanged 1`] = `
<div>
  <label
    class="sc-c72946b2-0 kEYtBo"
  >
    <span
      class="sc-c72946b2-3 kbknRO"
    >
      Switch control test
    </span>
    <input
      checked=""
      class="sc-c72946b2-1 iloNDj"
      type="checkbox"
    />
    <span
      class="sc-c72946b2-2 MbgsL"
    />
  </label>
</div>
`;
