// Jest Snapshot v1, https://goo.gl/fbAQLP

exports[`SwitchControl renders SelectControl unchanged 1`] = `
<div>
  <label
    class="sc-9dfd224b-0 fBtUpr"
  >
    <span
      class="sc-9dfd224b-3 bhOpqi"
    >
      Switch control test
    </span>
    <input
      checked=""
      class="sc-9dfd224b-1 iJsfkc"
      type="checkbox"
    />
    <span
      class="sc-9dfd224b-2 gzDVCi"
    />
  </label>
</div>
`;
