// Jest Snapshot v1, https://goo.gl/fbAQLP

exports[`LoginShelf renders correctly 1`] = `
<div>
  <div
    class="sc-3c6a8173-1 isRPmL"
  >
    <div
      class="sc-866c48de-0 iWcfsO"
    >
      <h1
        class="sc-866c48de-1 gwOJpK"
      >
        Let’s get started by setting up your Artizen account
      </h1>
      <div
        class="sc-866c48de-2 kGWioV"
      >
        <div
          class="sc-b51f94be-2 ioudJW"
        >
          <div
            class="sc-b51f94be-0 cfTHcJ"
            color="night"
          >
            <div
              class="sc-3ba9b100-0 eOAxiH"
              color="night"
            />
          </div>
        </div>
        <p
          class="sc-866c48de-3 fNzhIk"
        >
          Already have an account?
          <br />
          You can still use this form, it’s magic!
        </p>
      </div>
    </div>
    <div
      class="vertical-layout"
    >
      <div
        class="vertical-layout-item"
      >
        <div
          class="sc-2f9d5146-0 jUEUrV"
          id="#/properties/email"
        >
          <div
            class="sc-3d47d0c3-0 dNJokE"
          >
            <input
              placeholder="e.g. rene@artizen.fund"
              required=""
              type="text"
              value=""
            />
            <label
              class="sc-aacc9954-0 dyxLqB"
            >
              Email Address
               *
            </label>
            <div
              class="sc-56d3ceba-0 dWOypg"
            >
              <div
                class="sc-3ba9b100-0 fGdMTk"
                color="night"
              />
            </div>
          </div>
          <div
            class="sc-a6becebf-0 iqYcJk"
          >
            is a required property
          </div>
        </div>
      </div>
    </div>
    <button
      class="sc-313ded62-2 gZJTzD sc-3c6a8173-0 ckkhPY  disabled"
      disabled=""
    >
      <span>
        Sign In
      </span>
    </button>
    <div
      class="sc-866c48de-4 cHXzyn"
    >
      <div
        class="sc-866c48de-5 edffFY"
      >
        <label
          class="sc-ba7c8cb0-4 erkCyH"
        >
          <div
            class="sc-ba7c8cb0-0 drqsMz"
          >
            <input
              checked=""
              class="sc-ba7c8cb0-1 gDeSTk"
              type="checkbox"
            />
            <span
              class="sc-ba7c8cb0-2 cupNCt"
            >
              <div
                class="sc-3ba9b100-0 kxhsMF"
              />
            </span>
          </div>
          <span
            class="sc-ba7c8cb0-3 ihKGeu"
          />
        </label>
        <p
          class="sc-866c48de-6 boiFGf"
        >
          Remember my email address.
        </p>
      </div>
    </div>
  </div>
</div>
`;
