// Jest Snapshot v1, https://goo.gl/fbAQLP

exports[`EditSettings renders correctly 1`] = `
<div
  className="sc-4d070d3e-0"
>
  <div
    className="vertical-layout"
    hidden={false}
  >
    <div
      className="vertical-layout-item"
    >
      <div
        className="sc-2f9d5146-0 imlAYL"
        id="#/properties/someString"
      >
        <div
          className="sc-dccedff6-0 jjRMSF"
        >
          <input
            defaultValue="Some default value"
            minLength={2}
            onBlur={[Function]}
            onChange={[Function]}
            placeholder=" "
            required={false}
            type="text"
          />
          <label
            className="sc-ffdb2e6c-0 cqczZc"
          >
            Tell us a thing.
          </label>
        </div>
        <div
          className="sc-93ba83c0-0 BZJQU"
        />
      </div>
    </div>
    <div
      className="vertical-layout-item"
    >
      <div
        className="sc-2f9d5146-0 eQAzBx"
        id="#/properties/someEmail"
      >
        <div
          className="sc-dccedff6-0 jjRMSF"
        >
          <input
            onBlur={[Function]}
            onChange={[Function]}
            placeholder="your@email.com"
            required={true}
            type="text"
          />
          <label
            className="sc-ffdb2e6c-0 cqczZc"
          >
            Email Address
             *
          </label>
        </div>
        <div
          className="sc-93ba83c0-0 BZJQU"
        />
      </div>
    </div>
    <div
      className="vertical-layout-item"
    >
      <div
        className="sc-2f9d5146-0 cKQxBV"
        id="#/properties/someNumber"
      >
        <div
          className="sc-dccedff6-0 jjRMSF"
        >
          <input
            className="noData"
            onBlur={[Function]}
            onChange={[Function]}
            placeholder=" "
            required={false}
            step="any"
            type="number"
          />
          <label
            className="sc-ffdb2e6c-0 cqczZc"
          >
            What is your lucky number?
          </label>
        </div>
        <div
          className="sc-93ba83c0-0 BZJQU"
        />
      </div>
    </div>
    <div
      className="vertical-layout-item"
    >
      <label
        className="sc-dd35d48e-4 hfvlkX"
        id="#/properties/someBoolean"
      >
        <div
          className="sc-dd35d48e-0 bkkyVw"
        >
          <input
            checked={true}
            className="sc-dd35d48e-1 clTMzK"
            disabled={false}
            onChange={[Function]}
            required={true}
            type="checkbox"
          />
          <span
            className="sc-dd35d48e-2 Legqi"
          />
        </div>
        <span
          className="sc-dd35d48e-3 kiyWfS"
        >
          Do you like to click checkmarks?
        </span>
      </label>
    </div>
  </div>
  <button
    className="sc-2a588df4-2 itVOtl undefined "
    onClick={[Function]}
  >
    <span>
      Submit
    </span>
  </button>
</div>
`;
