// Jest Snapshot v1, https://goo.gl/fbAQLP

exports[`Sidebar renders Sidebar unchanged 1`] = `
<div>
  <section
    class="sc-f67c5638-1 OMake sc-522104b9-0 jRWqmK"
  >
    <div
      class="sc-f67c5638-0 cRlpgy sc-522104b9-1 bftMYt"
    >
      <h3
        class="sc-522104b9-7 kATPcK"
      >
        Join our
         
        <strong>
          , 
        </strong>
         
        donation drive
      </h3>
      <div
        class="sc-522104b9-2 flIpuM"
      >
        <div
          class="sc-522104b9-3 fCAqCx"
        >
          <div
            class="sc-2e76876c-0 eZquMO"
          >
            0
          </div>
          <div
            class="sc-522104b9-6 euksCv"
          >
            <div
              class="sc-522104b9-5 eRngVS"
            >
              <div
                class="sc-149d3190-0 GzuI"
              />
               
              <span>
                0
                 donations
              </span>
            </div>
          </div>
        </div>
        <div
          class="sc-522104b9-6 euksCv"
        >
          <button
            class="sc-2a588df4-2 jVJhXF undefined "
          >
            <div
              class="sc-149d3190-0 ewzPBY sc-2a588df4-0 gSwEcZ"
            />
            <span>
              Donate
            </span>
          </button>
          <button
            class="sc-2a588df4-2 ekFgDk undefined "
          >
            <span>
              Share Now
            </span>
          </button>
        </div>
        <div
          class="sc-522104b9-8 kgagiP"
        >
          <div
            class="sc-ecff4829-0 fMTZxv"
          >
            <div
              class="sc-c6d4a71-0 bzRXeC"
            >
              <div
                class="sc-c6d4a71-1 hmYVNc"
              >
                Leaderboard
              </div>
              <button
                class="sc-2a588df4-2 dorpEK undefined "
              >
                <span>
                  See All
                </span>
              </button>
            </div>
          </div>
          <div
            class="sc-ecff4829-0 fMTZxv"
          >
            <div
              class="sc-c6d4a71-0 bzRXeC"
            >
              <div
                class="sc-c6d4a71-1 hmYVNc"
              >
                Additional Perks
              </div>
              <a
                class="sc-2a588df4-1 kFiSF undefined "
              >
                <span>
                  Learn More
                </span>
              </a>
            </div>
            <div
              class="sc-9ed997bc-0 dahNPL"
            >
              <div>
                <div
                  class="sc-b48a7ce9-0 QxMPA"
                >
                  <div
                    class="sc-149d3190-0 dSKnsB"
                  />
                </div>
                Membership in Artizen DAO
              </div>
            </div>
            <div
              class="sc-9ed997bc-0 dahNPL"
            >
              <div>
                <div
                  class="sc-b48a7ce9-0 QxMPA"
                >
                  <div
                    class="sc-149d3190-0 hEvUin"
                  />
                </div>
                0.01% of $ART tokens
              </div>
            </div>
            <div
              class="sc-9ed997bc-0 dahNPL"
            >
              <div>
                <div
                  class="sc-b48a7ce9-0 QxMPA"
                >
                  <div
                    class="sc-149d3190-0 jQAqER"
                  />
                </div>
                Collectable Receipt
              </div>
            </div>
            <div
              class="sc-9ed997bc-0 dahNPL"
            >
              <div>
                <div
                  class="sc-b48a7ce9-0 QxMPA"
                >
                  <div
                    class="sc-149d3190-0 kmdMV"
                  />
                </div>
                Custom Discord Avatar
              </div>
            </div>
          </div>
        </div>
      </div>
    </div>
  </section>
</div>
`;
