// Jest Snapshot v1, https://goo.gl/fbAQLP

exports[`Sidebar renders Sidebar unchanged 1`] = `
<div>
  <section
    class="sc-f67c5638-1 cQDgcH sc-3dcc67ad-0 ljJwpW"
  >
    <div
      class="sc-f67c5638-0 fqyVoy sc-3dcc67ad-1 ivUnoR"
    >
      <h3
        class="sc-3dcc67ad-7 hBhiTn"
      >
        Join our 
        <strong>
          May, 2022
        </strong>
         donation drive
      </h3>
      <div
        class="sc-3dcc67ad-2 gMhAql"
      >
        <div
          class="sc-3dcc67ad-3 hIzCZU"
        >
          <div
            class="sc-3dcc67ad-4 gGZgZE"
          >
            <span>
              $
              15,250
            </span>
             raised of $
            25,000
             goal
          </div>
          <div
            class="sc-2e76876c-0 iIEwYy"
          >
            0.61
          </div>
          <div
            class="sc-3dcc67ad-6 hsSsdm"
          >
            <div
              class="sc-ba3887ec-0 jyWTDZ"
            >
              <div
                class="sc-1d011157-0 iDlDxE"
              />
            </div>
            <div
              class="sc-3dcc67ad-5 eBhMNe"
            >
              <div
                class="sc-1d011157-0 jrSJnU"
              />
               
              <span>
                3.2
                k donations
              </span>
            </div>
          </div>
        </div>
        <div
          class="sc-3dcc67ad-6 hsSsdm"
        >
          <button
            class="sc-a6b3add2-2 eOvyKw undefined "
          >
            <div
              class="sc-1d011157-0 ggBQiE sc-a6b3add2-0 fCwpyU"
            />
            <span>
              Donate
            </span>
          </button>
          <button
            class="sc-a6b3add2-2 erODIt undefined "
          >
            <span>
              Share Now
            </span>
          </button>
        </div>
        <div
          class="sc-3dcc67ad-8 chvfjG"
        >
          <div
            class="sc-bdd02fd6-0 fJPhsS"
          >
            <div
              class="sc-c6d4a71-0 iFQvvL"
            >
              <div
                class="sc-c6d4a71-1 hmYVNc"
              >
                Leaderboard
              </div>
              <button
                class="sc-a6b3add2-2 iJUNCj undefined "
              >
                <span>
                  See All
                </span>
              </button>
            </div>
          </div>
          <div
            class="sc-bdd02fd6-0 fJPhsS"
          >
            <div
              class="sc-c6d4a71-0 iFQvvL"
            >
              <div
                class="sc-c6d4a71-1 hmYVNc"
              >
                Additional Perks
              </div>
              <a
                class="sc-a6b3add2-1 jdXTho undefined "
              >
                <span>
                  Learn More
                </span>
              </a>
            </div>
            <div
              class="sc-9ed997bc-0 gnOwtT"
            >
              <div>
                <div
                  class="sc-b48a7ce9-0 hZzOYd"
                >
                  <div
                    class="sc-1d011157-0 iOTvJN"
                  />
                </div>
                Membership in Artizen DAO
              </div>
            </div>
            <div
              class="sc-9ed997bc-0 gnOwtT"
            >
              <div>
                <div
                  class="sc-b48a7ce9-0 hZzOYd"
                >
                  <div
                    class="sc-1d011157-0 eiHEDj"
                  />
                </div>
                0.01% of $ART tokens
              </div>
            </div>
            <div
              class="sc-9ed997bc-0 gnOwtT"
            >
              <div>
                <div
                  class="sc-b48a7ce9-0 hZzOYd"
                >
                  <div
                    class="sc-1d011157-0 deEGDF"
                  />
                </div>
                Collectable Receipt
              </div>
            </div>
            <div
              class="sc-9ed997bc-0 gnOwtT"
            >
              <div>
                <div
                  class="sc-b48a7ce9-0 hZzOYd"
                >
                  <div
                    class="sc-1d011157-0 fYqubd"
                  />
                </div>
                Custom Discord Avatar
              </div>
            </div>
          </div>
        </div>
      </div>
    </div>
  </section>
</div>
`;
