// Jest Snapshot v1, https://goo.gl/fbAQLP

exports[`renders AccountButton unchanged 1`] = `
<div>
  <div
    class="sc-c9ad08a7-0 bmdPNW"
  >
    <div
      class="sc-c9ad08a7-1 exDNIY"
    />
    <div
      class="sc-9eb58f28-0 htauXl sc-c9ad08a7-2 clzIyX"
      color="night"
    />
    <div
      class="sc-c9ad08a7-3 zyGfP"
    >
      <div
        class="sc-c9ad08a7-4 fdnGin"
      >
        RP
      </div>
    </div>
  </div>
</div>
`;
