// Jest Snapshot v1, https://goo.gl/fbAQLP

exports[`renders AccountButton unchanged 1`] = `
<div>
  <div
    class="sc-8545662-0 fOOGVo"
  >
    <div
      class="sc-8545662-1 krkozH"
    />
    <div
      class="sc-9eb58f28-0 htauXl sc-8545662-2 hHwBY"
      color="night"
    />
    <div
      class="sc-8545662-3 kzlgNV"
    >
      <div
        class="sc-8545662-4 JjgOs"
      >
        RP
      </div>
    </div>
  </div>
</div>
`;
