// Jest Snapshot v1, https://goo.gl/fbAQLP

exports[`Slideshow renders correctly 1`] = `
<div
  className="sc-4cf5d7c6-0 fQMtff"
>
  <div
    className="sc-4cf5d7c6-1 rQNPJ active"
  />
  <div
    className="sc-4cf5d7c6-1 eduBIm inactive"
  />
  <div
    className="sc-4cf5d7c6-1 XgyHX inactive"
  />
</div>
`;
