// Jest Snapshot v1, https://goo.gl/fbAQLP

exports[`__name__ renders correctly 1`] = `
<div
  className="sc-b3b4b33c-0 dsvurp"
>
  <h1>
    design __name__(sentenceCase) here
  </h1>
  <div
    className="sc-cf411747-2 cnUxdA"
  >
    <div
      className="sc-cf411747-0 hPyuHh"
      color="white"
    >
      <div
        className="sc-9eb58f28-0 gvNxsL"
        color="white"
      />
    </div>
  </div>
</div>
`;
