// Jest Snapshot v1, https://goo.gl/fbAQLP

exports[`DonationGuide renders correctly 1`] = `
Array [
  <div
    className="sc-b10bbb1b-0 esxGBA"
  >
    <h1
      className="sc-b10bbb1b-1 errkXm"
    >
      How to donate to grants
      <br />
      using web3 — a guide
    </h1>
    <div
      className="sc-934236b2-2 fzamxu"
      height={
        Object {
          "desktop": 0.48,
          "laptop": 0.48,
          "mobile": 1.4,
          "phablet": 0.7,
          "tablet": 0.5,
        }
      }
    >
      <div
        className="sc-934236b2-1 jSgTfe"
        type="copy"
      >
        <div
          className="sc-934236b2-0 iMSoJw"
        >
          1
        </div>
        <p>
          First, if you’re stressed about web3, don’t. We got you. It’s easier than you think.
        </p>
      </div>
      <div
        className="sc-934236b2-1 jmovNK"
        type="image"
      >
        <img
          src="/assets/illustrations/guide/01.png"
        />
      </div>
    </div>
    <div
      className="sc-934236b2-2 eGTrvN"
      height={
        Object {
          "desktop": 0.25,
          "laptop": 0.25,
          "mobile": 0.9,
          "phablet": 0.45,
          "tablet": 0.4,
        }
      }
    >
      <div
        className="sc-934236b2-1 irpWBl"
        type="copy"
      >
        <div
          className="sc-934236b2-0 iMSoJw"
        >
          2
        </div>
        <p>
          The grants are funded using crypto. But you can donate using two payment methods:
        </p>
      </div>
      <div
        className="sc-934236b2-1 ezDfli"
        type="copy"
      >
        <p>
          Your credit card (We’ll take care of turning your money to crypto, no worries) and Crypto (Polygon or Ethereum).
        </p>
      </div>
      <div
        className="sc-934236b2-1 kSjRyC"
        type="image"
      >
        <img
          src="/assets/illustrations/guide/02a.png"
        />
      </div>
      <div
        className="sc-934236b2-1 bizdOr"
        type="image"
      >
        <img
          src="/assets/illustrations/guide/02b.png"
        />
      </div>
    </div>
    <div
      className="sc-934236b2-2 bAoBx"
      height={
        Object {
          "desktop": 0.32,
          "laptop": 0.32,
          "mobile": 0.7,
          "phablet": 0.45,
          "tablet": 0.32,
        }
      }
    >
      <div
        className="sc-934236b2-1 bDuuNy"
        type="copy"
      >
        <div
          className="sc-934236b2-0 iMSoJw"
        >
          3
        </div>
        <p>
          Let’s take a look at donating with credit card first!
        </p>
      </div>
      <div
        className="sc-934236b2-1 sLgsf"
        type="image"
      >
        <img
          src="/assets/illustrations/guide/03.png"
        />
      </div>
    </div>
    <div
      className="sc-934236b2-2 xWpwM"
      height={
        Object {
          "desktop": 0.32,
          "laptop": 0.34,
          "mobile": 0.95,
          "phablet": 0.45,
          "tablet": 0.32,
        }
      }
    >
      <div
        className="sc-934236b2-1 GSLFy"
        type="copy"
      >
        <div
          className="sc-934236b2-0 iMSoJw"
        >
          4
        </div>
        <p>
          Select your donation amount. 100% goes to the grant but expect payment provider fees on top (we don’t charge any).
        </p>
      </div>
      <div
        className="sc-934236b2-1 gcQslx"
        type="image"
      >
        <img
          src="/assets/illustrations/guide/04.png"
        />
      </div>
    </div>
    <div
      className="sc-934236b2-2 ktfEdV"
      height={
        Object {
          "desktop": 0.32,
          "laptop": 0.34,
          "mobile": 1,
          "phablet": 0.45,
          "tablet": 0.34,
        }
      }
    >
      <div
        className="sc-934236b2-1 eRveYg"
        type="copy"
      >
        <div
          className="sc-934236b2-0 iMSoJw"
        >
          5
        </div>
        <p>
          Sign in (the process is exactly the same whether you’ve already donated or not.) There’s no password to set up and remember (phew!).
        </p>
      </div>
      <div
        className="sc-934236b2-1 iMXxJH"
        type="image"
      >
        <img
          src="/assets/illustrations/guide/05.png"
        />
      </div>
    </div>
    <div
      className="sc-934236b2-2 hGViih"
      height={
        Object {
          "desktop": 0.45,
          "laptop": 0.38,
          "mobile": 1,
          "phablet": 0.45,
          "tablet": 0.34,
        }
      }
    >
      <div
        className="sc-934236b2-1 dJryiO"
        type="copy"
      >
        <div
          className="sc-934236b2-0 iMSoJw"
        >
          6
        </div>
        <p>
          You’ll get a confirmation email or text with a magic link (super secure!). Click on it.
        </p>
      </div>
      <div
        className="sc-934236b2-1 fiuiRy"
        type="image"
      >
        <img
          src="/assets/illustrations/guide/06.png"
        />
      </div>
    </div>
    <div
      className="sc-934236b2-2 hhahSO"
      height={
        Object {
          "desktop": 0.45,
          "laptop": 0.35,
          "mobile": 1,
          "phablet": 0.6,
          "tablet": 0.45,
        }
      }
    >
      <div
        className="sc-934236b2-1 eVfkTf"
        type="copy"
      >
        <div
          className="sc-934236b2-0 iMSoJw"
        >
          7
        </div>
        <p>
          We’ll automatically create your Artizen wallet for you. So you don’t have to get an external one. (But you can connect another wallet if you have one.)
        </p>
      </div>
      <div
        className="sc-934236b2-1 gaODYl"
        type="image"
      >
        <img
          src="/assets/illustrations/guide/07.png"
        />
      </div>
    </div>
    <div
      className="sc-934236b2-2 jKPAqy"
      height={
        Object {
          "desktop": 0.368,
          "laptop": 0.38,
          "mobile": 1,
          "phablet": 0.45,
          "tablet": 0.4,
        }
      }
    >
      <div
        className="sc-934236b2-1 SLJmi"
        type="copy"
      >
        <div
          className="sc-934236b2-0 iMSoJw"
        >
          8
        </div>
        <p>
          We’ll convert your donation amount to USDC and transfer it to your wallet.
        </p>
      </div>
      <div
        className="sc-934236b2-1 flounV"
        type="copy"
      >
        <p>
          This is where things might get a little unexpected. The transaction’s not instant. It might take anywhere from 10 minutes up to 2 hours.
        </p>
      </div>
      <div
        className="sc-934236b2-1 hwbuNw"
        type="image"
      >
        <img
          src="/assets/illustrations/guide/08.png"
        />
      </div>
    </div>
    <div
      className="sc-934236b2-2 epsvZp"
      height={
        Object {
          "desktop": 0.368,
          "laptop": 0.38,
          "mobile": 1,
          "phablet": 0.55,
          "tablet": 0.4,
        }
      }
    >
      <div
        className="sc-934236b2-1 CnveR"
        type="copy"
      >
        <div
          className="sc-934236b2-0 iMSoJw"
        >
          9
        </div>
        <p>
          THIS IS FINE.
        </p>
      </div>
      <div
        className="sc-934236b2-1 izZrTx"
        type="copy"
      >
        <p>
          No, really, it’s fine. It’s how crypto works.
        </p>
      </div>
      <div
        className="sc-934236b2-1 fvygnw"
        type="image"
      >
        <img
          src="/assets/illustrations/guide/09.png"
        />
      </div>
    </div>
    <div
      className="sc-934236b2-2 eOSmXy"
      height={
        Object {
          "desktop": 0.368,
          "laptop": 0.36,
          "mobile": 1,
          "phablet": 0.58,
          "tablet": 0.4,
        }
      }
    >
      <div
        className="sc-934236b2-1 dRcMRT"
        type="copy"
      >
        <div
          className="sc-934236b2-0 iMSoJw"
        >
          10
        </div>
        <p>
          You can close the browser window – we’ll send you an email when the donation’s ready to transfer to the Fund.
        </p>
      </div>
      <div
        className="sc-934236b2-1 deKyEo"
        type="image"
      >
        <img
          src="/assets/illustrations/guide/10.png"
        />
      </div>
    </div>
    <div
      className="sc-934236b2-2 eBMooR"
      height={
        Object {
          "desktop": 0.368,
          "laptop": 0.36,
          "mobile": 1,
          "phablet": 0.56,
          "tablet": 0.4,
        }
      }
    >
      <div
        className="sc-934236b2-1 igrAHM"
        type="copy"
      >
        <div
          className="sc-934236b2-0 iMSoJw"
        >
          11
        </div>
        <p>
          Already starting with crypto? You can donate using USDC on Polygon or Ethereum.
        </p>
      </div>
      <div
        className="sc-934236b2-1 kfuILm"
        type="image"
      >
        <img
          src="/assets/illustrations/guide/11.png"
        />
      </div>
    </div>
    <div
      className="sc-934236b2-2 bXQnzS"
      height={
        Object {
          "desktop": 0.368,
          "laptop": 0.36,
          "mobile": 1,
          "phablet": 0.62,
          "tablet": 0.4,
        }
      }
    >
      <div
        className="sc-934236b2-1 viFaJ"
        type="copy"
      >
        <div
          className="sc-934236b2-0 iMSoJw"
        >
          12
        </div>
        <p>
          In that case, sign in and connect your existing wallet to move your coins to your new Artizen wallet.
        </p>
      </div>
      <div
        className="sc-934236b2-1 exNjuf"
        type="copy"
      >
        <p>
          (Psst! You can save your wallet connection to not have to go through the process next time.)
        </p>
      </div>
      <div
        className="sc-934236b2-1 hsPUHn"
        type="image"
      >
        <img
          src="/assets/illustrations/guide/12.png"
        />
      </div>
    </div>
    <div
      className="sc-934236b2-2 ifykaM"
      height={
        Object {
          "desktop": 0.368,
          "laptop": 0.36,
          "mobile": 1,
          "phablet": 0.61,
          "tablet": 0.4,
        }
      }
    >
      <div
        className="sc-934236b2-1 ihcudO"
        type="copy"
      >
        <div
          className="sc-934236b2-0 iMSoJw"
        >
          13
        </div>
        <p>
          Then carefully follow the instructions from your wallet provider.
        </p>
      </div>
      <div
        className="sc-934236b2-1 koxLzx"
        type="image"
      >
        <img
          src="/assets/illustrations/guide/13.png"
        />
      </div>
    </div>
    <div
      className="sc-934236b2-2 ibylni"
      height={
        Object {
          "desktop": 0.475,
          "laptop": 0.36,
          "mobile": 1,
          "phablet": 0.6,
          "tablet": 0.4,
        }
      }
    >
      <div
        className="sc-934236b2-1 dZOsXB"
        type="copy"
      >
        <div
          className="sc-934236b2-0 iMSoJw"
        >
          14
        </div>
        <p>
          After that, a bit of crypto magic like swapping and bridging will happen in the background so that your donation can safely make its way to the Artizen Fund.
        </p>
      </div>
      <div
        className="sc-934236b2-1 JqIUA"
        type="copy"
      >
        <p>
          Don’t forget that this might take some time.
        </p>
      </div>
      <div
        className="sc-934236b2-1 cjRIPA"
        type="image"
      >
        <img
          src="/assets/illustrations/guide/14.png"
        />
      </div>
    </div>
    <div
      className="sc-934236b2-2 ibylni"
      height={
        Object {
          "desktop": 0.475,
          "laptop": 0.36,
          "mobile": 1,
          "phablet": 0.6,
          "tablet": 0.4,
        }
      }
    >
      <div
        className="sc-934236b2-1 jhRfCn"
        type="copy"
      >
        <div
          className="sc-934236b2-0 iMSoJw"
        >
          15
        </div>
        <p>
          Ta-da! The donation’s on its way to the Artizen Fund. A receipt will land in your email inbox
        </p>
      </div>
      <div
        className="sc-934236b2-1 ejJLBv"
        type="copy"
      >
        <p>
          (This may take another few hours, though. You know the drill by now!)
        </p>
      </div>
      <div
        className="sc-934236b2-1 fCfMCK"
        type="image"
      >
        <img
          src="/assets/illustrations/guide/15.png"
        />
      </div>
    </div>
    <div
      className="sc-934236b2-2 cELDRi"
      height={
        Object {
          "desktop": 0.38,
          "laptop": 0.36,
          "mobile": 1,
          "phablet": 0.55,
          "tablet": 0.4,
        }
      }
    >
      <div
        className="sc-934236b2-1 fATZwg"
        type="copy"
      >
        <div
          className="sc-934236b2-0 iMSoJw"
        >
          16
        </div>
        <p>
          And your name will land on the leaderboard. While you can enjoy all the perks that come along with it.
        </p>
      </div>
      <div
        className="sc-934236b2-1 emmLbU"
        type="image"
      >
        <img
          src="/assets/illustrations/guide/16.png"
        />
      </div>
    </div>
    <div
      className="sc-934236b2-2 iBetJK"
      height={
        Object {
          "desktop": 0.38,
          "laptop": 0.36,
          "mobile": 1,
          "phablet": 0.53,
          "tablet": 0.45,
        }
      }
    >
      <div
        className="sc-934236b2-1 cnLVTx"
        type="copy"
      >
        <div
          className="sc-934236b2-0 iMSoJw"
        >
          17
        </div>
        <p>
          And the satisfaction of supporting a cause that matters.
        </p>
      </div>
      <div
        className="sc-934236b2-1 foiOC"
        type="copy"
      >
        <p>
          And of making the world a slightly better place.
        </p>
      </div>
      <div
        className="sc-934236b2-1 dZmVKI"
        type="image"
      >
        <img
          src="/assets/illustrations/guide/17.png"
        />
      </div>
    </div>
  </div>,
  <div
    className="sc-60e75bb7-2 elEEJs sc-b10bbb1b-2 duyEmn"
    onClick={[Function]}
  >
    <div
      className="sc-60e75bb7-0 kPOjiH"
      color="white"
    >
      <div
        className="sc-149d3190-0 euiYxq"
        color="white"
      />
    </div>
  </div>,
]
`;
