// Jest Snapshot v1, https://goo.gl/fbAQLP

exports[`Form renders Form unchanged 1`] = `
<div>
  <div
    class="sc-3d351cf1-0 cuONLG"
  >
    <div
      class="vertical-layout"
    >
      <div
        class="vertical-layout-item"
      >
        <div>
          Section Label
        </div>
      </div>
      <div
        class="vertical-layout-item"
      >
        <div
          class="sc-e191228e-0 bwBNFU"
        >
          <div
            class="sc-9db10430-0 gtsrND"
          >
            <input
              class="noData"
              maxlength="20"
              minlength="3"
              type="text"
              value=""
            />
            <label
              class="sc-62ae6059-0 bjlEKt"
            >
              3-20 Character Length String
            </label>
          </div>
          <div
            class="sc-955ed11e-0 eSGmlb"
          />
        </div>
      </div>
      <div
        class="vertical-layout-item"
      >
        <label
          class="sc-9ada3364-0 hdNVcL"
        >
          <span
            class="sc-9ada3364-3 lfFpFW"
          >
            Switch Boolean Example
          </span>
          <input
            class="sc-9ada3364-1 gmPtjO"
            type="checkbox"
          />
          <span
            class="sc-9ada3364-2 QNKfw"
          />
        </label>
      </div>
      <div
        class="vertical-layout-item"
      >
        <label
          class="sc-c63bc471-0 lcTima"
        >
          <div
            class="sc-c63bc471-1 kBIyZx"
          >
            <input
              class="sc-c63bc471-2 bohjsn"
              type="checkbox"
            />
            <span
              class="sc-c63bc471-3 BqPRW"
            />
          </div>
          <span
            class="sc-c63bc471-4 cfYZAN"
          >
            Boolean Check Example
          </span>
        </label>
      </div>
      <div
        class="vertical-layout-item"
      >
        <label
          class="sc-c63bc471-0 jzFAfs"
        >
          <div
            class="sc-c63bc471-1 cRRvAM"
          >
            <input
              class="sc-c63bc471-2 bohjsn"
              type="checkbox"
            />
            <span
              class="sc-c63bc471-3 fZQKQw"
            />
          </div>
          <span
            class="sc-c63bc471-4 cfYZAN"
          >
            Mini Boolean Check Example
          </span>
        </label>
      </div>
      <div
        class="vertical-layout-item"
      >
        <label
          class="sc-c63bc471-0 lcTima"
        >
          <div
            class="sc-c63bc471-1 kBIyZx"
          >
            <input
              class="sc-c63bc471-2 bohjsn"
              type="checkbox"
            />
            <span
              class="sc-c63bc471-3 glsFet"
            />
          </div>
          <span
            class="sc-c63bc471-4 cfYZAN"
          >
            Boolean Check Example Two
          </span>
        </label>
      </div>
      <div
        class="vertical-layout-item"
      >
        <label
          class="sc-c63bc471-0 jzFAfs"
        >
          <div
            class="sc-c63bc471-1 cRRvAM"
          >
            <input
              class="sc-c63bc471-2 bohjsn"
              type="checkbox"
            />
            <span
              class="sc-c63bc471-3 jnpzxv"
            />
          </div>
          <span
            class="sc-c63bc471-4 cfYZAN"
          >
            Mini Boolean Check Example Two
          </span>
        </label>
      </div>
      <div
        class="vertical-layout-item"
      >
        <div
          class="sc-e191228e-0 bwBNFU"
        >
          <div
            class="sc-9db10430-0 gtsrND"
          >
            <select
              class="noData"
            >
              <option
                value=""
              />
              <option
                value="DE"
              >
                DE
              </option>
              <option
                value="IT"
              >
                IT
              </option>
              <option
                value="JP"
              >
                JP
              </option>
              <option
                value="US"
              >
                US
              </option>
              <option
                value="RU"
              >
                RU
              </option>
              <option
                value="Other"
              >
                Other
              </option>
            </select>
            <div
              class="sc-c23b6b48-0 fuPGAb"
            />
            <label
              class="sc-62ae6059-0 bjlEKt noData"
            >
              Enum Example
            </label>
          </div>
          <div
            class="sc-955ed11e-0 eSGmlb"
          />
        </div>
      </div>
      <div
        class="vertical-layout-item"
      >
        <div
          class="sc-5526d2b4-0 jiauSz"
        >
          <label
            class="sc-5526d2b4-1 hoeohA"
          >
            <input
              type="radio"
              value="vanilla"
            />
            <span>
              vanilla
            </span>
          </label>
          <label
            class="sc-5526d2b4-1 hoeohA"
          >
            <input
              type="radio"
              value="chocolate"
            />
            <span>
              chocolate
            </span>
          </label>
          <label
            class="sc-5526d2b4-1 hoeohA"
          >
            <input
              type="radio"
              value="strawberry"
            />
            <span>
              strawberry
            </span>
          </label>
          <label
            class="sc-5526d2b4-1 hoeohA"
          >
            <input
              type="radio"
              value="neapolitan"
            />
            <span>
              neapolitan
            </span>
          </label>
        </div>
      </div>
      <div
        class="vertical-layout-item"
      >
        <div
          class="sc-e191228e-0 bwBNFU"
        >
          <div
            class="sc-9db10430-0 gtsrND"
          >
            <input
              class="noData"
              maxlength="100"
              minlength="1"
              step="1"
              type="number"
              value=""
            />
            <label
              class="sc-62ae6059-0 bjlEKt"
            >
              Integer Example
            </label>
          </div>
          <div
            class="sc-955ed11e-0 eSGmlb"
          />
        </div>
      </div>
      <div
        class="vertical-layout-item"
      >
        <div
          class="sc-e191228e-0 bwBNFU"
        >
          <div
            class="sc-9db10430-0 gtsrND"
          >
            <input
              class="noData"
              step="any"
              type="number"
              value=""
            />
            <label
              class="sc-62ae6059-0 bjlEKt"
            >
              Number Example
            </label>
          </div>
          <div
            class="sc-955ed11e-0 eSGmlb"
          />
        </div>
      </div>
      <div
        class="vertical-layout-item"
      >
        <div
          class="horizontal-layout"
        >
          <div
            class="horizontal-layout-item horizontal-layout-2"
          >
            <div
              class="vertical-layout"
            >
              <div
                class="vertical-layout-item"
              >
                <label
                  class="sc-9ada3364-0 hdNVcL"
                >
                  <span
                    class="sc-9ada3364-3 lfFpFW"
                  >
                    Switch Boolean Example Two
                  </span>
                  <input
                    class="sc-9ada3364-1 gmPtjO"
                    type="checkbox"
                  />
                  <span
                    class="sc-9ada3364-2 QNKfw"
                  />
                </label>
              </div>
              <div
                class="vertical-layout-item"
              >
                <label
                  class="sc-9ada3364-0 hdNVcL"
                >
                  <span
                    class="sc-9ada3364-3 lfFpFW"
                  >
                    Switch Boolean Example Three
                  </span>
                  <input
                    class="sc-9ada3364-1 gmPtjO"
                    type="checkbox"
                  />
                  <span
                    class="sc-9ada3364-2 QNKfw"
                  />
                </label>
              </div>
              <div
                class="vertical-layout-item"
              >
                <label
                  class="sc-9ada3364-0 hdNVcL"
                >
                  <span
                    class="sc-9ada3364-3 lfFpFW"
                  >
                    Switch Boolean Example Four
                  </span>
                  <input
                    class="sc-9ada3364-1 gmPtjO"
                    type="checkbox"
                  />
                  <span
                    class="sc-9ada3364-2 QNKfw"
                  />
                </label>
              </div>
              <div
                class="vertical-layout-item"
              >
                <label
                  class="sc-9ada3364-0 hdNVcL"
                >
                  <span
                    class="sc-9ada3364-3 lfFpFW"
                  >
                    Switch Boolean Example Five
                  </span>
                  <input
                    class="sc-9ada3364-1 gmPtjO"
                    type="checkbox"
                  />
                  <span
                    class="sc-9ada3364-2 QNKfw"
                  />
                </label>
              </div>
            </div>
          </div>
          <div
            class="horizontal-layout-item horizontal-layout-2"
          >
            <div
              class="vertical-layout"
            >
              <div
                class="vertical-layout-item"
              >
                <div
                  class="sc-e191228e-0 bwBNFU"
                >
                  <div
                    class="sc-9db10430-0 gtsrND"
                  >
                    <input
                      class="noData"
                      placeholder="your@email.com"
                      type="text"
                      value=""
                    />
                    <label
                      class="sc-62ae6059-0 bjlEKt"
                    >
                      Email Example
                    </label>
                  </div>
                  <div
                    class="sc-955ed11e-0 eSGmlb"
                  />
                </div>
              </div>
            </div>
          </div>
        </div>
      </div>
    </div>
    <button
      class="sc-9e782674-2 dOLTIK"
    >
      Submit
    </button>
  </div>
</div>
`;
