// Jest Snapshot v1, https://goo.gl/fbAQLP

exports[`WalletOptions renders correctly 1`] = `
<div
  className="sc-db416ff1-0 dLyVHq"
>
  <div
    className="sc-db416ff1-1 jnXsel"
    onClick={[Function]}
  >
    <img
      alt="connect with MetaMask"
      src="/assets/metamask.svg"
    />
    <h3
      className="sc-db416ff1-2 eutJlw"
    >
      MetaMask
    </h3>
    <h4
      className="sc-db416ff1-3 bKSzv"
    >
      Connect via your browser
    </h4>
  </div>
  <div
    className="sc-db416ff1-1 jnXsel"
    onClick={[Function]}
  >
    <img
      alt="connect with WalletConnect"
      src="/assets/walletConnect.svg"
    />
    <h3
      className="sc-db416ff1-2 eutJlw"
    >
      WalletConnect
    </h3>
    <h4
      className="sc-db416ff1-3 bKSzv"
    >
      Choose an alternative wallet
    </h4>
  </div>
</div>
`;
