// Jest Snapshot v1, https://goo.gl/fbAQLP

exports[`SelectControl renders SelectControl unchanged 1`] = `
<div>
  <div
    class="sc-2f9d5146-0 hUuFSv"
  >
    <div
      class="sc-dccedff6-0 dxDPQx"
    >
      <select
        class="hasData"
        placeholder=" "
      />
      <div
        class="sc-38d39bf1-0 hobJpn"
      />
      <label
        class="sc-ffdb2e6c-0 dXVxRc hasData"
      >
        Segmented enum control test
      </label>
    </div>
    <div
      class="sc-93ba83c0-0 bAVzHI"
    />
  </div>
</div>
`;
