// Jest Snapshot v1, https://goo.gl/fbAQLP

exports[`SelectControl renders SelectControl unchanged 1`] = `
<div>
  <div
    class="sc-d3d8f8dd-0 cbhGLu"
  >
    <div
      class="sc-460918ac-0 cwmxlV"
    >
      <select
        class="hasData"
      />
      <div
        class="sc-dd1c959c-0 dbXcIT"
      />
      <label
        class="sc-f769c06f-0 fdTyWu hasData"
      >
        Segmented enum control test
      </label>
    </div>
    <div
      class="sc-955ed11e-0 eSGmlb"
    />
  </div>
</div>
`;
