// Jest Snapshot v1, https://goo.gl/fbAQLP

exports[`SelectControl renders SelectControl unchanged 1`] = `
<div>
  <div
    class="sc-2f9d5146-0 hUuFSv"
  >
    <div
      class="sc-233fee17-0 kLNnFl"
    >
      <select
        class="hasData"
        placeholder=" "
      />
      <div
        class="sc-cd8f7b2e-0 dtVPFM"
      />
      <label
        class="sc-840480c4-0 jepABy hasData"
      >
        Segmented enum control test
      </label>
    </div>
    <div
      class="sc-955ed11e-0 griBRj"
    />
  </div>
</div>
`;
