// Jest Snapshot v1, https://goo.gl/fbAQLP

exports[`Confirmation renders correctly 1`] = `
<div
  className="sc-7388cd41-0 fhnkiJ"
>
  <h1>
    hey good job
  </h1>
  <div
    className="sc-c089a03b-2 gfJPuX"
  >
    <div
      className="sc-c089a03b-0 eexWtz"
      color="white"
    >
      <div
        className="sc-149d3190-0 izsvxh"
        color="white"
      />
    </div>
  </div>
</div>
`;
