// Jest Snapshot v1, https://goo.gl/fbAQLP

exports[`DonationHelpLink renders correctly 1`] = `
<div
  className="sc-74bb4641-0 iFAqPP"
  onClick={[Function]}
>
  <div
    className="sc-60e75bb7-2 elEEJs"
  >
    <div
      className="sc-60e75bb7-0 iVuNTq"
      color="night"
    >
      <div
        className="sc-149d3190-0 jDOEuv"
        color="night"
      />
    </div>
  </div>
  <p
    className="sc-74bb4641-1 jnnXGm"
  >
    Need help? Follow this 
    <em>
      donation guide
    </em>
    .
  </p>
</div>
`;
