// Jest Snapshot v1, https://goo.gl/fbAQLP

exports[`DonationHelpLink renders correctly 1`] = `
<div
  className="sc-78ba2856-0 fOnoXs"
>
  <div
    className="sc-189919d9-2 kkJcfa"
  >
    <div
      className="sc-189919d9-0 cmvyFc"
      color="night"
    >
      <div
        className="sc-149d3190-0 jDOEuv"
        color="night"
      />
    </div>
  </div>
  <p
    className="sc-78ba2856-1 jZynMh"
  >
    Need help? We’ve prepared a useful guide to donating.
  </p>
</div>
`;
